Analysis & Synthesis report for CompressionFunction
Wed Feb 20 11:23:40 2019
Quartus II 64-Bit Version 13.0.1 Build 232 06/12/2013 Service Pack 1 SJ Full Version


---------------------
; Table of Contents ;
---------------------
  1. Legal Notice
  2. Analysis & Synthesis Summary
  3. Analysis & Synthesis Settings
  4. Parallel Compilation
  5. Analysis & Synthesis Source Files Read
  6. Analysis & Synthesis Resource Usage Summary
  7. Analysis & Synthesis Resource Utilization by Entity
  8. State Machine - |CompressionFunction|current_state
  9. Registers Removed During Synthesis
 10. General Register Statistics
 11. Inverted Register Statistics
 12. Multiplexer Restructuring Statistics (Restructuring Performed)
 13. Port Connectivity Checks: "PaddedMessageRegFile:paddedmessage"
 14. Elapsed Time Per Partition
 15. Analysis & Synthesis Messages



----------------
; Legal Notice ;
----------------
Copyright (C) 1991-2013 Altera Corporation
Your use of Altera Corporation's design tools, logic functions 
and other software and tools, and its AMPP partner logic 
functions, and any output files from any of the foregoing 
(including device programming or simulation files), and any 
associated documentation or information are expressly subject 
to the terms and conditions of the Altera Program License 
Subscription Agreement, Altera MegaCore Function License 
Agreement, or other applicable license agreement, including, 
without limitation, that your use is for the sole purpose of 
programming logic devices manufactured by Altera and sold by 
Altera or its authorized distributors.  Please refer to the 
applicable agreement for further details.



+---------------------------------------------------------------------------------------+
; Analysis & Synthesis Summary                                                          ;
+------------------------------------+--------------------------------------------------+
; Analysis & Synthesis Status        ; Successful - Wed Feb 20 11:23:39 2019            ;
; Quartus II 64-Bit Version          ; 13.0.1 Build 232 06/12/2013 SP 1 SJ Full Version ;
; Revision Name                      ; CompressionFunction                              ;
; Top-level Entity Name              ; CompressionFunction                              ;
; Family                             ; Cyclone II                                       ;
; Total logic elements               ; 8,411                                            ;
;     Total combinational functions  ; 6,025                                            ;
;     Dedicated logic registers      ; 3,027                                            ;
; Total registers                    ; 3027                                             ;
; Total pins                         ; 457                                              ;
; Total virtual pins                 ; 0                                                ;
; Total memory bits                  ; 0                                                ;
; Embedded Multiplier 9-bit elements ; 0                                                ;
; Total PLLs                         ; 0                                                ;
+------------------------------------+--------------------------------------------------+


+------------------------------------------------------------------------------------------------------------------------+
; Analysis & Synthesis Settings                                                                                          ;
+----------------------------------------------------------------------------+---------------------+---------------------+
; Option                                                                     ; Setting             ; Default Value       ;
+----------------------------------------------------------------------------+---------------------+---------------------+
; Device                                                                     ; EP2C35F672C6        ;                     ;
; Top-level entity name                                                      ; CompressionFunction ; CompressionFunction ;
; Family name                                                                ; Cyclone II          ; Cyclone IV GX       ;
; Use smart compilation                                                      ; Off                 ; Off                 ;
; Enable parallel Assembler and TimeQuest Timing Analyzer during compilation ; On                  ; On                  ;
; Enable compact report table                                                ; Off                 ; Off                 ;
; Restructure Multiplexers                                                   ; Auto                ; Auto                ;
; Create Debugging Nodes for IP Cores                                        ; Off                 ; Off                 ;
; Preserve fewer node names                                                  ; On                  ; On                  ;
; Disable OpenCore Plus hardware evaluation                                  ; Off                 ; Off                 ;
; Verilog Version                                                            ; Verilog_2001        ; Verilog_2001        ;
; VHDL Version                                                               ; VHDL_1993           ; VHDL_1993           ;
; State Machine Processing                                                   ; Auto                ; Auto                ;
; Safe State Machine                                                         ; Off                 ; Off                 ;
; Extract Verilog State Machines                                             ; On                  ; On                  ;
; Extract VHDL State Machines                                                ; On                  ; On                  ;
; Ignore Verilog initial constructs                                          ; Off                 ; Off                 ;
; Iteration limit for constant Verilog loops                                 ; 5000                ; 5000                ;
; Iteration limit for non-constant Verilog loops                             ; 250                 ; 250                 ;
; Add Pass-Through Logic to Inferred RAMs                                    ; On                  ; On                  ;
; Infer RAMs from Raw Logic                                                  ; On                  ; On                  ;
; Parallel Synthesis                                                         ; On                  ; On                  ;
; DSP Block Balancing                                                        ; Auto                ; Auto                ;
; NOT Gate Push-Back                                                         ; On                  ; On                  ;
; Power-Up Don't Care                                                        ; On                  ; On                  ;
; Remove Redundant Logic Cells                                               ; Off                 ; Off                 ;
; Remove Duplicate Registers                                                 ; On                  ; On                  ;
; Ignore CARRY Buffers                                                       ; Off                 ; Off                 ;
; Ignore CASCADE Buffers                                                     ; Off                 ; Off                 ;
; Ignore GLOBAL Buffers                                                      ; Off                 ; Off                 ;
; Ignore ROW GLOBAL Buffers                                                  ; Off                 ; Off                 ;
; Ignore LCELL Buffers                                                       ; Off                 ; Off                 ;
; Ignore SOFT Buffers                                                        ; On                  ; On                  ;
; Limit AHDL Integers to 32 Bits                                             ; Off                 ; Off                 ;
; Optimization Technique                                                     ; Balanced            ; Balanced            ;
; Carry Chain Length                                                         ; 70                  ; 70                  ;
; Auto Carry Chains                                                          ; On                  ; On                  ;
; Auto Open-Drain Pins                                                       ; On                  ; On                  ;
; Perform WYSIWYG Primitive Resynthesis                                      ; Off                 ; Off                 ;
; Auto ROM Replacement                                                       ; On                  ; On                  ;
; Auto RAM Replacement                                                       ; On                  ; On                  ;
; Auto Shift Register Replacement                                            ; Auto                ; Auto                ;
; Allow Shift Register Merging across Hierarchies                            ; Auto                ; Auto                ;
; Auto Clock Enable Replacement                                              ; On                  ; On                  ;
; Strict RAM Replacement                                                     ; Off                 ; Off                 ;
; Allow Synchronous Control Signals                                          ; On                  ; On                  ;
; Force Use of Synchronous Clear Signals                                     ; Off                 ; Off                 ;
; Auto RAM to Logic Cell Conversion                                          ; Off                 ; Off                 ;
; Auto Resource Sharing                                                      ; Off                 ; Off                 ;
; Allow Any RAM Size For Recognition                                         ; Off                 ; Off                 ;
; Allow Any ROM Size For Recognition                                         ; Off                 ; Off                 ;
; Allow Any Shift Register Size For Recognition                              ; Off                 ; Off                 ;
; Use LogicLock Constraints during Resource Balancing                        ; On                  ; On                  ;
; Ignore translate_off and synthesis_off directives                          ; Off                 ; Off                 ;
; Timing-Driven Synthesis                                                    ; Off                 ; Off                 ;
; Report Parameter Settings                                                  ; On                  ; On                  ;
; Report Source Assignments                                                  ; On                  ; On                  ;
; Report Connectivity Checks                                                 ; On                  ; On                  ;
; Ignore Maximum Fan-Out Assignments                                         ; Off                 ; Off                 ;
; Synchronization Register Chain Length                                      ; 2                   ; 2                   ;
; PowerPlay Power Optimization                                               ; Normal compilation  ; Normal compilation  ;
; HDL message level                                                          ; Level2              ; Level2              ;
; Suppress Register Optimization Related Messages                            ; Off                 ; Off                 ;
; Number of Removed Registers Reported in Synthesis Report                   ; 5000                ; 5000                ;
; Number of Swept Nodes Reported in Synthesis Report                         ; 5000                ; 5000                ;
; Number of Inverted Registers Reported in Synthesis Report                  ; 100                 ; 100                 ;
; Clock MUX Protection                                                       ; On                  ; On                  ;
; Auto Gated Clock Conversion                                                ; Off                 ; Off                 ;
; Block Design Naming                                                        ; Auto                ; Auto                ;
; SDC constraint protection                                                  ; Off                 ; Off                 ;
; Synthesis Effort                                                           ; Auto                ; Auto                ;
; Shift Register Replacement - Allow Asynchronous Clear Signal               ; On                  ; On                  ;
; Pre-Mapping Resynthesis Optimization                                       ; Off                 ; Off                 ;
; Analysis & Synthesis Message Level                                         ; Medium              ; Medium              ;
; Disable Register Merging Across Hierarchies                                ; Auto                ; Auto                ;
; Resource Aware Inference For Block RAM                                     ; On                  ; On                  ;
; Synthesis Seed                                                             ; 1                   ; 1                   ;
+----------------------------------------------------------------------------+---------------------+---------------------+


+------------------------------------------+
; Parallel Compilation                     ;
+----------------------------+-------------+
; Processors                 ; Number      ;
+----------------------------+-------------+
; Number detected on machine ; 4           ;
; Maximum allowed            ; 2           ;
;                            ;             ;
; Average used               ; 1.00        ;
; Maximum used               ; 1           ;
;                            ;             ;
; Usage by Processor         ; % Time Used ;
;     Processor 1            ; 100.0%      ;
;     Processors 2-4         ;   0.0%      ;
+----------------------------+-------------+


+----------------------------------------------------------------------------------------------------------------------------------------------------+
; Analysis & Synthesis Source Files Read                                                                                                             ;
+----------------------------------+-----------------+-----------------+-------------------------------------------------------------------+---------+
; File Name with User-Entered Path ; Used in Netlist ; File Type       ; File Name with Absolute Path                                      ; Library ;
+----------------------------------+-----------------+-----------------+-------------------------------------------------------------------+---------+
; sha256_msfunctions.vhd           ; yes             ; User VHDL File  ; C:/Users/Brian/Desktop/Capstone/Demofile/sha256_msfunctions.vhd   ;         ;
; sha256_datatypes.vhd             ; yes             ; User VHDL File  ; C:/Users/Brian/Desktop/Capstone/Demofile/sha256_datatypes.vhd     ;         ;
; sha256_constants.vhd             ; yes             ; User VHDL File  ; C:/Users/Brian/Desktop/Capstone/Demofile/sha256_constants.vhd     ;         ;
; CompressionFunction.vhd          ; yes             ; User VHDL File  ; C:/Users/Brian/Desktop/Capstone/Demofile/CompressionFunction.vhd  ;         ;
; PaddedMessageRegFile.vhd         ; yes             ; User VHDL File  ; C:/Users/Brian/Desktop/Capstone/Demofile/PaddedMessageRegFile.vhd ;         ;
+----------------------------------+-----------------+-----------------+-------------------------------------------------------------------+---------+


+-----------------------------------------------------+
; Analysis & Synthesis Resource Usage Summary         ;
+---------------------------------------------+-------+
; Resource                                    ; Usage ;
+---------------------------------------------+-------+
; Estimated Total logic elements              ; 8,411 ;
;                                             ;       ;
; Total combinational functions               ; 6025  ;
; Logic element usage by number of LUT inputs ;       ;
;     -- 4 input functions                    ; 4099  ;
;     -- 3 input functions                    ; 1685  ;
;     -- <=2 input functions                  ; 241   ;
;                                             ;       ;
; Logic elements by mode                      ;       ;
;     -- normal mode                          ; 5468  ;
;     -- arithmetic mode                      ; 557   ;
;                                             ;       ;
; Total registers                             ; 3027  ;
;     -- Dedicated logic registers            ; 3027  ;
;     -- I/O registers                        ; 0     ;
;                                             ;       ;
; I/O pins                                    ; 457   ;
; Embedded Multiplier 9-bit elements          ; 0     ;
; Maximum fan-out node                        ; clock ;
; Maximum fan-out                             ; 3027  ;
; Total fan-out                               ; 31310 ;
; Average fan-out                             ; 3.29  ;
+---------------------------------------------+-------+


+------------------------------------------------------------------------------------------------------------------------------------------------------------------------------------------------------------------------------+
; Analysis & Synthesis Resource Utilization by Entity                                                                                                                                                                          ;
+-----------------------------------------+-------------------+--------------+-------------+--------------+---------+-----------+------+--------------+---------------------------------------------------------+--------------+
; Compilation Hierarchy Node              ; LC Combinationals ; LC Registers ; Memory Bits ; DSP Elements ; DSP 9x9 ; DSP 18x18 ; Pins ; Virtual Pins ; Full Hierarchy Name                                     ; Library Name ;
+-----------------------------------------+-------------------+--------------+-------------+--------------+---------+-----------+------+--------------+---------------------------------------------------------+--------------+
; |CompressionFunction                    ; 6025 (6022)       ; 3027 (3027)  ; 0           ; 0            ; 0       ; 0         ; 457  ; 0            ; |CompressionFunction                                    ; work         ;
;    |PaddedMessageRegFile:paddedmessage| ; 3 (3)             ; 0 (0)        ; 0           ; 0            ; 0       ; 0         ; 0    ; 0            ; |CompressionFunction|PaddedMessageRegFile:paddedmessage ; work         ;
+-----------------------------------------+-------------------+--------------+-------------+--------------+---------+-----------+------+--------------+---------------------------------------------------------+--------------+
Note: For table entries with two numbers listed, the numbers in parentheses indicate the number of resources of the given type used by the specific entity alone. The numbers listed outside of parentheses indicate the total resources of the given type used by the specific entity and all of its sub-entities in the hierarchy.


Encoding Type:  One-Hot
+------------------------------------------------------------------------------------------------------------------------------------------+
; State Machine - |CompressionFunction|current_state                                                                                       ;
+-------------------------------+----------------------+-----------------------------+-------------------------------+---------------------+
; Name                          ; current_state.Append ; current_state.CompressBlock ; current_state.ScheduleMessage ; current_state.Ready ;
+-------------------------------+----------------------+-----------------------------+-------------------------------+---------------------+
; current_state.Ready           ; 0                    ; 0                           ; 0                             ; 0                   ;
; current_state.ScheduleMessage ; 0                    ; 0                           ; 1                             ; 1                   ;
; current_state.CompressBlock   ; 0                    ; 1                           ; 0                             ; 1                   ;
; current_state.Append          ; 1                    ; 0                           ; 0                             ; 1                   ;
+-------------------------------+----------------------+-----------------------------+-------------------------------+---------------------+


+---------------------------------------------------------------------------------+
; Registers Removed During Synthesis                                              ;
+----------------------------------------+----------------------------------------+
; Register name                          ; Reason for Removal                     ;
+----------------------------------------+----------------------------------------+
; outmem[1]~reg0                         ; Stuck at GND due to stuck port data_in ;
; outmem[2]~reg0                         ; Stuck at GND due to stuck port data_in ;
; outmem[3]~reg0                         ; Stuck at GND due to stuck port data_in ;
; outmem[4]~reg0                         ; Stuck at GND due to stuck port data_in ;
; outmem[5]~reg0                         ; Stuck at GND due to stuck port data_in ;
; outmem[6]~reg0                         ; Stuck at GND due to stuck port data_in ;
; outmem[7]~reg0                         ; Stuck at GND due to stuck port data_in ;
; outmem[8]~reg0                         ; Stuck at GND due to stuck port data_in ;
; outmem[9]~reg0                         ; Stuck at GND due to stuck port data_in ;
; outmem[10]~reg0                        ; Stuck at GND due to stuck port data_in ;
; outmem[11]~reg0                        ; Stuck at GND due to stuck port data_in ;
; outmem[12]~reg0                        ; Stuck at GND due to stuck port data_in ;
; outmem[13]~reg0                        ; Stuck at GND due to stuck port data_in ;
; outmem[14]~reg0                        ; Stuck at GND due to stuck port data_in ;
; outmem[15]~reg0                        ; Stuck at GND due to stuck port data_in ;
; outmem[16]~reg0                        ; Stuck at GND due to stuck port data_in ;
; outmem[17]~reg0                        ; Stuck at GND due to stuck port data_in ;
; outmem[18]~reg0                        ; Stuck at GND due to stuck port data_in ;
; outmem[19]~reg0                        ; Stuck at GND due to stuck port data_in ;
; outmem[20]~reg0                        ; Stuck at GND due to stuck port data_in ;
; outmem[21]~reg0                        ; Stuck at GND due to stuck port data_in ;
; outmem[22]~reg0                        ; Stuck at GND due to stuck port data_in ;
; outmem[25]~reg0                        ; Stuck at GND due to stuck port data_in ;
; outmem[26]~reg0                        ; Stuck at GND due to stuck port data_in ;
; outmem[27]~reg0                        ; Stuck at GND due to stuck port data_in ;
; outmem[28]~reg0                        ; Stuck at GND due to stuck port data_in ;
; outmem[31]~reg0                        ; Stuck at GND due to stuck port data_in ;
; Total Number of Removed Registers = 27 ;                                        ;
+----------------------------------------+----------------------------------------+


+------------------------------------------------------+
; General Register Statistics                          ;
+----------------------------------------------+-------+
; Statistic                                    ; Value ;
+----------------------------------------------+-------+
; Total registers                              ; 3027  ;
; Number of registers using Synchronous Clear  ; 0     ;
; Number of registers using Synchronous Load   ; 0     ;
; Number of registers using Asynchronous Clear ; 0     ;
; Number of registers using Asynchronous Load  ; 0     ;
; Number of registers using Clock Enable       ; 3018  ;
; Number of registers using Preset             ; 0     ;
+----------------------------------------------+-------+


+-----------------------------------------------------+
; Inverted Register Statistics                        ;
+-------------------------------------------+---------+
; Inverted Register                         ; Fan out ;
+-------------------------------------------+---------+
; h[0]                                      ; 2       ;
; h[3]                                      ; 2       ;
; h[4]                                      ; 2       ;
; h[8]                                      ; 2       ;
; h[10]                                     ; 2       ;
; h[11]                                     ; 2       ;
; h[14]                                     ; 2       ;
; h[15]                                     ; 2       ;
; h[21]                                     ; 2       ;
; h[22]                                     ; 2       ;
; h[23]                                     ; 2       ;
; h[24]                                     ; 2       ;
; h[25]                                     ; 2       ;
; h[27]                                     ; 2       ;
; h[28]                                     ; 2       ;
; h[30]                                     ; 2       ;
; g[0]                                      ; 3       ;
; g[1]                                      ; 3       ;
; g[3]                                      ; 3       ;
; g[5]                                      ; 3       ;
; g[7]                                      ; 3       ;
; g[8]                                      ; 3       ;
; g[11]                                     ; 3       ;
; g[12]                                     ; 3       ;
; g[14]                                     ; 3       ;
; g[15]                                     ; 3       ;
; g[16]                                     ; 3       ;
; g[17]                                     ; 3       ;
; g[23]                                     ; 3       ;
; g[24]                                     ; 3       ;
; g[25]                                     ; 3       ;
; g[26]                                     ; 3       ;
; g[27]                                     ; 3       ;
; g[28]                                     ; 3       ;
; f[2]                                      ; 3       ;
; f[3]                                      ; 3       ;
; f[7]                                      ; 3       ;
; f[11]                                     ; 3       ;
; f[13]                                     ; 3       ;
; f[14]                                     ; 3       ;
; f[16]                                     ; 3       ;
; f[18]                                     ; 3       ;
; f[24]                                     ; 3       ;
; f[25]                                     ; 3       ;
; f[27]                                     ; 3       ;
; f[28]                                     ; 3       ;
; f[31]                                     ; 3       ;
; e[0]                                      ; 6       ;
; e[1]                                      ; 6       ;
; e[2]                                      ; 6       ;
; e[3]                                      ; 6       ;
; e[4]                                      ; 6       ;
; e[5]                                      ; 6       ;
; e[6]                                      ; 6       ;
; e[9]                                      ; 6       ;
; e[12]                                     ; 6       ;
; e[14]                                     ; 6       ;
; e[17]                                     ; 6       ;
; e[18]                                     ; 6       ;
; e[19]                                     ; 6       ;
; e[24]                                     ; 6       ;
; e[28]                                     ; 6       ;
; e[30]                                     ; 6       ;
; b[0]                                      ; 3       ;
; b[2]                                      ; 3       ;
; b[7]                                      ; 3       ;
; b[9]                                      ; 3       ;
; b[10]                                     ; 3       ;
; b[11]                                     ; 3       ;
; b[13]                                     ; 3       ;
; b[15]                                     ; 3       ;
; b[16]                                     ; 3       ;
; b[17]                                     ; 3       ;
; b[18]                                     ; 3       ;
; b[21]                                     ; 3       ;
; b[22]                                     ; 3       ;
; b[24]                                     ; 3       ;
; b[25]                                     ; 3       ;
; b[27]                                     ; 3       ;
; b[28]                                     ; 3       ;
; b[29]                                     ; 3       ;
; b[31]                                     ; 3       ;
; a[0]                                      ; 6       ;
; a[1]                                      ; 6       ;
; a[2]                                      ; 6       ;
; a[5]                                      ; 6       ;
; a[6]                                      ; 6       ;
; a[9]                                      ; 6       ;
; a[10]                                     ; 6       ;
; a[13]                                     ; 6       ;
; a[14]                                     ; 6       ;
; a[15]                                     ; 6       ;
; a[16]                                     ; 6       ;
; a[19]                                     ; 6       ;
; a[25]                                     ; 6       ;
; a[27]                                     ; 6       ;
; a[29]                                     ; 6       ;
; a[30]                                     ; 6       ;
; d[1]                                      ; 1       ;
; d[3]                                      ; 1       ;
; Total number of inverted registers = 136* ;         ;
+-------------------------------------------+---------+
* Table truncated at 100 items. To change the number of inverted registers reported, set the "Number of Inverted Registers Reported" option under Assignments->Settings->Analysis and Synthesis Settings->More Settings


+-----------------------------------------------------------------------------------------------------------------------------------------------------+
; Multiplexer Restructuring Statistics (Restructuring Performed)                                                                                      ;
+--------------------+-----------+---------------+----------------------+------------------------+------------+---------------------------------------+
; Multiplexer Inputs ; Bus Width ; Baseline Area ; Area if Restructured ; Saving if Restructured ; Registered ; Example Multiplexer Output            ;
+--------------------+-----------+---------------+----------------------+------------------------+------------+---------------------------------------+
; 3:1                ; 32 bits   ; 64 LEs        ; 0 LEs                ; 64 LEs                 ; Yes        ; |CompressionFunction|k[27]            ;
; 5:1                ; 27 bits   ; 81 LEs        ; 27 LEs               ; 54 LEs                 ; Yes        ; |CompressionFunction|schedule[63][11] ;
; 5:1                ; 5 bits    ; 15 LEs        ; 5 LEs                ; 10 LEs                 ; Yes        ; |CompressionFunction|schedule[63][24] ;
; 5:1                ; 27 bits   ; 81 LEs        ; 27 LEs               ; 54 LEs                 ; Yes        ; |CompressionFunction|schedule[62][15] ;
; 5:1                ; 5 bits    ; 15 LEs        ; 5 LEs                ; 10 LEs                 ; Yes        ; |CompressionFunction|schedule[62][0]  ;
; 5:1                ; 27 bits   ; 81 LEs        ; 27 LEs               ; 54 LEs                 ; Yes        ; |CompressionFunction|schedule[61][17] ;
; 5:1                ; 5 bits    ; 15 LEs        ; 5 LEs                ; 10 LEs                 ; Yes        ; |CompressionFunction|schedule[61][29] ;
; 5:1                ; 27 bits   ; 81 LEs        ; 27 LEs               ; 54 LEs                 ; Yes        ; |CompressionFunction|schedule[60][28] ;
; 5:1                ; 5 bits    ; 15 LEs        ; 5 LEs                ; 10 LEs                 ; Yes        ; |CompressionFunction|schedule[60][29] ;
; 5:1                ; 27 bits   ; 81 LEs        ; 27 LEs               ; 54 LEs                 ; Yes        ; |CompressionFunction|schedule[59][7]  ;
; 5:1                ; 5 bits    ; 15 LEs        ; 5 LEs                ; 10 LEs                 ; Yes        ; |CompressionFunction|schedule[59][0]  ;
; 5:1                ; 27 bits   ; 81 LEs        ; 27 LEs               ; 54 LEs                 ; Yes        ; |CompressionFunction|schedule[58][26] ;
; 5:1                ; 5 bits    ; 15 LEs        ; 5 LEs                ; 10 LEs                 ; Yes        ; |CompressionFunction|schedule[58][24] ;
; 5:1                ; 27 bits   ; 81 LEs        ; 27 LEs               ; 54 LEs                 ; Yes        ; |CompressionFunction|schedule[57][19] ;
; 5:1                ; 5 bits    ; 15 LEs        ; 5 LEs                ; 10 LEs                 ; Yes        ; |CompressionFunction|schedule[57][29] ;
; 5:1                ; 27 bits   ; 81 LEs        ; 27 LEs               ; 54 LEs                 ; Yes        ; |CompressionFunction|schedule[56][9]  ;
; 5:1                ; 5 bits    ; 15 LEs        ; 5 LEs                ; 10 LEs                 ; Yes        ; |CompressionFunction|schedule[56][29] ;
; 5:1                ; 27 bits   ; 81 LEs        ; 27 LEs               ; 54 LEs                 ; Yes        ; |CompressionFunction|schedule[55][20] ;
; 5:1                ; 5 bits    ; 15 LEs        ; 5 LEs                ; 10 LEs                 ; Yes        ; |CompressionFunction|schedule[55][23] ;
; 5:1                ; 27 bits   ; 81 LEs        ; 27 LEs               ; 54 LEs                 ; Yes        ; |CompressionFunction|schedule[54][4]  ;
; 5:1                ; 5 bits    ; 15 LEs        ; 5 LEs                ; 10 LEs                 ; Yes        ; |CompressionFunction|schedule[54][24] ;
; 5:1                ; 27 bits   ; 81 LEs        ; 27 LEs               ; 54 LEs                 ; Yes        ; |CompressionFunction|schedule[53][1]  ;
; 5:1                ; 5 bits    ; 15 LEs        ; 5 LEs                ; 10 LEs                 ; Yes        ; |CompressionFunction|schedule[53][23] ;
; 5:1                ; 27 bits   ; 81 LEs        ; 27 LEs               ; 54 LEs                 ; Yes        ; |CompressionFunction|schedule[52][4]  ;
; 5:1                ; 5 bits    ; 15 LEs        ; 5 LEs                ; 10 LEs                 ; Yes        ; |CompressionFunction|schedule[52][0]  ;
; 5:1                ; 27 bits   ; 81 LEs        ; 27 LEs               ; 54 LEs                 ; Yes        ; |CompressionFunction|schedule[51][4]  ;
; 5:1                ; 5 bits    ; 15 LEs        ; 5 LEs                ; 10 LEs                 ; Yes        ; |CompressionFunction|schedule[51][29] ;
; 5:1                ; 27 bits   ; 81 LEs        ; 27 LEs               ; 54 LEs                 ; Yes        ; |CompressionFunction|schedule[50][4]  ;
; 5:1                ; 5 bits    ; 15 LEs        ; 5 LEs                ; 10 LEs                 ; Yes        ; |CompressionFunction|schedule[50][29] ;
; 5:1                ; 27 bits   ; 81 LEs        ; 27 LEs               ; 54 LEs                 ; Yes        ; |CompressionFunction|schedule[49][15] ;
; 5:1                ; 5 bits    ; 15 LEs        ; 5 LEs                ; 10 LEs                 ; Yes        ; |CompressionFunction|schedule[49][30] ;
; 5:1                ; 27 bits   ; 81 LEs        ; 27 LEs               ; 54 LEs                 ; Yes        ; |CompressionFunction|schedule[48][7]  ;
; 5:1                ; 5 bits    ; 15 LEs        ; 5 LEs                ; 10 LEs                 ; Yes        ; |CompressionFunction|schedule[48][23] ;
; 5:1                ; 27 bits   ; 81 LEs        ; 27 LEs               ; 54 LEs                 ; Yes        ; |CompressionFunction|schedule[47][21] ;
; 5:1                ; 5 bits    ; 15 LEs        ; 5 LEs                ; 10 LEs                 ; Yes        ; |CompressionFunction|schedule[47][29] ;
; 5:1                ; 27 bits   ; 81 LEs        ; 27 LEs               ; 54 LEs                 ; Yes        ; |CompressionFunction|schedule[46][21] ;
; 5:1                ; 5 bits    ; 15 LEs        ; 5 LEs                ; 10 LEs                 ; Yes        ; |CompressionFunction|schedule[46][29] ;
; 5:1                ; 27 bits   ; 81 LEs        ; 27 LEs               ; 54 LEs                 ; Yes        ; |CompressionFunction|schedule[45][26] ;
; 5:1                ; 5 bits    ; 15 LEs        ; 5 LEs                ; 10 LEs                 ; Yes        ; |CompressionFunction|schedule[45][29] ;
; 5:1                ; 27 bits   ; 81 LEs        ; 27 LEs               ; 54 LEs                 ; Yes        ; |CompressionFunction|schedule[44][21] ;
; 5:1                ; 5 bits    ; 15 LEs        ; 5 LEs                ; 10 LEs                 ; Yes        ; |CompressionFunction|schedule[44][30] ;
; 5:1                ; 27 bits   ; 81 LEs        ; 27 LEs               ; 54 LEs                 ; Yes        ; |CompressionFunction|schedule[43][25] ;
; 5:1                ; 5 bits    ; 15 LEs        ; 5 LEs                ; 10 LEs                 ; Yes        ; |CompressionFunction|schedule[43][23] ;
; 5:1                ; 27 bits   ; 81 LEs        ; 27 LEs               ; 54 LEs                 ; Yes        ; |CompressionFunction|schedule[42][10] ;
; 5:1                ; 5 bits    ; 15 LEs        ; 5 LEs                ; 10 LEs                 ; Yes        ; |CompressionFunction|schedule[42][23] ;
; 5:1                ; 27 bits   ; 81 LEs        ; 27 LEs               ; 54 LEs                 ; Yes        ; |CompressionFunction|schedule[41][1]  ;
; 5:1                ; 5 bits    ; 15 LEs        ; 5 LEs                ; 10 LEs                 ; Yes        ; |CompressionFunction|schedule[41][30] ;
; 5:1                ; 27 bits   ; 81 LEs        ; 27 LEs               ; 54 LEs                 ; Yes        ; |CompressionFunction|schedule[40][10] ;
; 5:1                ; 5 bits    ; 15 LEs        ; 5 LEs                ; 10 LEs                 ; Yes        ; |CompressionFunction|schedule[40][0]  ;
; 5:1                ; 27 bits   ; 81 LEs        ; 27 LEs               ; 54 LEs                 ; Yes        ; |CompressionFunction|schedule[39][11] ;
; 5:1                ; 5 bits    ; 15 LEs        ; 5 LEs                ; 10 LEs                 ; Yes        ; |CompressionFunction|schedule[39][24] ;
; 5:1                ; 27 bits   ; 81 LEs        ; 27 LEs               ; 54 LEs                 ; Yes        ; |CompressionFunction|schedule[38][18] ;
; 5:1                ; 5 bits    ; 15 LEs        ; 5 LEs                ; 10 LEs                 ; Yes        ; |CompressionFunction|schedule[38][0]  ;
; 5:1                ; 27 bits   ; 81 LEs        ; 27 LEs               ; 54 LEs                 ; Yes        ; |CompressionFunction|schedule[37][1]  ;
; 5:1                ; 5 bits    ; 15 LEs        ; 5 LEs                ; 10 LEs                 ; Yes        ; |CompressionFunction|schedule[37][0]  ;
; 5:1                ; 27 bits   ; 81 LEs        ; 27 LEs               ; 54 LEs                 ; Yes        ; |CompressionFunction|schedule[36][1]  ;
; 5:1                ; 5 bits    ; 15 LEs        ; 5 LEs                ; 10 LEs                 ; Yes        ; |CompressionFunction|schedule[36][24] ;
; 5:1                ; 27 bits   ; 81 LEs        ; 27 LEs               ; 54 LEs                 ; Yes        ; |CompressionFunction|schedule[35][1]  ;
; 5:1                ; 5 bits    ; 15 LEs        ; 5 LEs                ; 10 LEs                 ; Yes        ; |CompressionFunction|schedule[35][0]  ;
; 5:1                ; 27 bits   ; 81 LEs        ; 27 LEs               ; 54 LEs                 ; Yes        ; |CompressionFunction|schedule[34][26] ;
; 5:1                ; 5 bits    ; 15 LEs        ; 5 LEs                ; 10 LEs                 ; Yes        ; |CompressionFunction|schedule[34][29] ;
; 5:1                ; 27 bits   ; 81 LEs        ; 27 LEs               ; 54 LEs                 ; Yes        ; |CompressionFunction|schedule[33][15] ;
; 5:1                ; 5 bits    ; 15 LEs        ; 5 LEs                ; 10 LEs                 ; Yes        ; |CompressionFunction|schedule[33][30] ;
; 5:1                ; 27 bits   ; 81 LEs        ; 27 LEs               ; 54 LEs                 ; Yes        ; |CompressionFunction|schedule[32][12] ;
; 5:1                ; 5 bits    ; 15 LEs        ; 5 LEs                ; 10 LEs                 ; Yes        ; |CompressionFunction|schedule[32][24] ;
; 5:1                ; 27 bits   ; 81 LEs        ; 27 LEs               ; 54 LEs                 ; Yes        ; |CompressionFunction|schedule[31][19] ;
; 5:1                ; 5 bits    ; 15 LEs        ; 5 LEs                ; 10 LEs                 ; Yes        ; |CompressionFunction|schedule[31][29] ;
; 5:1                ; 27 bits   ; 81 LEs        ; 27 LEs               ; 54 LEs                 ; Yes        ; |CompressionFunction|schedule[30][6]  ;
; 5:1                ; 5 bits    ; 15 LEs        ; 5 LEs                ; 10 LEs                 ; Yes        ; |CompressionFunction|schedule[30][29] ;
; 5:1                ; 27 bits   ; 81 LEs        ; 27 LEs               ; 54 LEs                 ; Yes        ; |CompressionFunction|schedule[29][12] ;
; 5:1                ; 5 bits    ; 15 LEs        ; 5 LEs                ; 10 LEs                 ; Yes        ; |CompressionFunction|schedule[29][29] ;
; 5:1                ; 27 bits   ; 81 LEs        ; 27 LEs               ; 54 LEs                 ; Yes        ; |CompressionFunction|schedule[28][6]  ;
; 5:1                ; 5 bits    ; 15 LEs        ; 5 LEs                ; 10 LEs                 ; Yes        ; |CompressionFunction|schedule[28][29] ;
; 5:1                ; 27 bits   ; 81 LEs        ; 27 LEs               ; 54 LEs                 ; Yes        ; |CompressionFunction|schedule[27][18] ;
; 5:1                ; 5 bits    ; 15 LEs        ; 5 LEs                ; 10 LEs                 ; Yes        ; |CompressionFunction|schedule[27][0]  ;
; 5:1                ; 27 bits   ; 81 LEs        ; 27 LEs               ; 54 LEs                 ; Yes        ; |CompressionFunction|schedule[26][19] ;
; 5:1                ; 5 bits    ; 15 LEs        ; 5 LEs                ; 10 LEs                 ; Yes        ; |CompressionFunction|schedule[26][24] ;
; 5:1                ; 27 bits   ; 81 LEs        ; 27 LEs               ; 54 LEs                 ; Yes        ; |CompressionFunction|schedule[25][6]  ;
; 5:1                ; 5 bits    ; 15 LEs        ; 5 LEs                ; 10 LEs                 ; Yes        ; |CompressionFunction|schedule[25][29] ;
; 5:1                ; 27 bits   ; 81 LEs        ; 27 LEs               ; 54 LEs                 ; Yes        ; |CompressionFunction|schedule[24][12] ;
; 5:1                ; 5 bits    ; 15 LEs        ; 5 LEs                ; 10 LEs                 ; Yes        ; |CompressionFunction|schedule[24][23] ;
; 5:1                ; 27 bits   ; 81 LEs        ; 27 LEs               ; 54 LEs                 ; Yes        ; |CompressionFunction|schedule[23][25] ;
; 5:1                ; 5 bits    ; 15 LEs        ; 5 LEs                ; 10 LEs                 ; Yes        ; |CompressionFunction|schedule[23][24] ;
; 5:1                ; 27 bits   ; 81 LEs        ; 27 LEs               ; 54 LEs                 ; Yes        ; |CompressionFunction|schedule[22][4]  ;
; 5:1                ; 5 bits    ; 15 LEs        ; 5 LEs                ; 10 LEs                 ; Yes        ; |CompressionFunction|schedule[22][24] ;
; 5:1                ; 27 bits   ; 81 LEs        ; 27 LEs               ; 54 LEs                 ; Yes        ; |CompressionFunction|schedule[21][19] ;
; 5:1                ; 5 bits    ; 15 LEs        ; 5 LEs                ; 10 LEs                 ; Yes        ; |CompressionFunction|schedule[21][23] ;
; 5:1                ; 27 bits   ; 81 LEs        ; 27 LEs               ; 54 LEs                 ; Yes        ; |CompressionFunction|schedule[20][7]  ;
; 5:1                ; 5 bits    ; 15 LEs        ; 5 LEs                ; 10 LEs                 ; Yes        ; |CompressionFunction|schedule[20][23] ;
; 5:1                ; 27 bits   ; 81 LEs        ; 27 LEs               ; 54 LEs                 ; Yes        ; |CompressionFunction|schedule[19][7]  ;
; 5:1                ; 5 bits    ; 15 LEs        ; 5 LEs                ; 10 LEs                 ; Yes        ; |CompressionFunction|schedule[19][30] ;
; 5:1                ; 27 bits   ; 81 LEs        ; 27 LEs               ; 54 LEs                 ; Yes        ; |CompressionFunction|schedule[18][8]  ;
; 5:1                ; 5 bits    ; 15 LEs        ; 5 LEs                ; 10 LEs                 ; Yes        ; |CompressionFunction|schedule[18][24] ;
; 5:1                ; 27 bits   ; 81 LEs        ; 27 LEs               ; 54 LEs                 ; Yes        ; |CompressionFunction|schedule[17][2]  ;
; 5:1                ; 5 bits    ; 15 LEs        ; 5 LEs                ; 10 LEs                 ; Yes        ; |CompressionFunction|schedule[17][23] ;
; 5:1                ; 27 bits   ; 81 LEs        ; 27 LEs               ; 54 LEs                 ; Yes        ; |CompressionFunction|schedule[16][6]  ;
; 5:1                ; 5 bits    ; 15 LEs        ; 5 LEs                ; 10 LEs                 ; Yes        ; |CompressionFunction|schedule[16][24] ;
; 5:1                ; 27 bits   ; 81 LEs        ; 27 LEs               ; 54 LEs                 ; Yes        ; |CompressionFunction|schedule[15][13] ;
; 5:1                ; 5 bits    ; 15 LEs        ; 5 LEs                ; 10 LEs                 ; Yes        ; |CompressionFunction|schedule[15][23] ;
; 5:1                ; 27 bits   ; 81 LEs        ; 27 LEs               ; 54 LEs                 ; Yes        ; |CompressionFunction|schedule[14][25] ;
; 5:1                ; 5 bits    ; 15 LEs        ; 5 LEs                ; 10 LEs                 ; Yes        ; |CompressionFunction|schedule[14][23] ;
; 5:1                ; 27 bits   ; 81 LEs        ; 27 LEs               ; 54 LEs                 ; Yes        ; |CompressionFunction|schedule[13][1]  ;
; 5:1                ; 5 bits    ; 15 LEs        ; 5 LEs                ; 10 LEs                 ; Yes        ; |CompressionFunction|schedule[13][29] ;
; 5:1                ; 27 bits   ; 81 LEs        ; 27 LEs               ; 54 LEs                 ; Yes        ; |CompressionFunction|schedule[12][11] ;
; 5:1                ; 5 bits    ; 15 LEs        ; 5 LEs                ; 10 LEs                 ; Yes        ; |CompressionFunction|schedule[12][30] ;
; 5:1                ; 27 bits   ; 81 LEs        ; 27 LEs               ; 54 LEs                 ; Yes        ; |CompressionFunction|schedule[11][20] ;
; 5:1                ; 5 bits    ; 15 LEs        ; 5 LEs                ; 10 LEs                 ; Yes        ; |CompressionFunction|schedule[11][23] ;
; 5:1                ; 27 bits   ; 81 LEs        ; 27 LEs               ; 54 LEs                 ; Yes        ; |CompressionFunction|schedule[10][19] ;
; 5:1                ; 5 bits    ; 15 LEs        ; 5 LEs                ; 10 LEs                 ; Yes        ; |CompressionFunction|schedule[10][29] ;
; 5:1                ; 27 bits   ; 81 LEs        ; 27 LEs               ; 54 LEs                 ; Yes        ; |CompressionFunction|schedule[9][12]  ;
; 5:1                ; 5 bits    ; 15 LEs        ; 5 LEs                ; 10 LEs                 ; Yes        ; |CompressionFunction|schedule[9][24]  ;
; 5:1                ; 27 bits   ; 81 LEs        ; 27 LEs               ; 54 LEs                 ; Yes        ; |CompressionFunction|schedule[8][12]  ;
; 5:1                ; 5 bits    ; 15 LEs        ; 5 LEs                ; 10 LEs                 ; Yes        ; |CompressionFunction|schedule[8][0]   ;
; 5:1                ; 27 bits   ; 81 LEs        ; 27 LEs               ; 54 LEs                 ; Yes        ; |CompressionFunction|schedule[7][9]   ;
; 5:1                ; 5 bits    ; 15 LEs        ; 5 LEs                ; 10 LEs                 ; Yes        ; |CompressionFunction|schedule[7][23]  ;
; 5:1                ; 27 bits   ; 81 LEs        ; 27 LEs               ; 54 LEs                 ; Yes        ; |CompressionFunction|schedule[6][16]  ;
; 5:1                ; 5 bits    ; 15 LEs        ; 5 LEs                ; 10 LEs                 ; Yes        ; |CompressionFunction|schedule[6][30]  ;
; 5:1                ; 27 bits   ; 81 LEs        ; 27 LEs               ; 54 LEs                 ; Yes        ; |CompressionFunction|schedule[5][25]  ;
; 5:1                ; 5 bits    ; 15 LEs        ; 5 LEs                ; 10 LEs                 ; Yes        ; |CompressionFunction|schedule[5][29]  ;
; 5:1                ; 27 bits   ; 81 LEs        ; 27 LEs               ; 54 LEs                 ; Yes        ; |CompressionFunction|schedule[4][1]   ;
; 5:1                ; 5 bits    ; 15 LEs        ; 5 LEs                ; 10 LEs                 ; Yes        ; |CompressionFunction|schedule[4][29]  ;
; 5:1                ; 27 bits   ; 81 LEs        ; 27 LEs               ; 54 LEs                 ; Yes        ; |CompressionFunction|schedule[3][15]  ;
; 5:1                ; 5 bits    ; 15 LEs        ; 5 LEs                ; 10 LEs                 ; Yes        ; |CompressionFunction|schedule[3][24]  ;
; 5:1                ; 27 bits   ; 81 LEs        ; 27 LEs               ; 54 LEs                 ; Yes        ; |CompressionFunction|schedule[2][7]   ;
; 5:1                ; 5 bits    ; 15 LEs        ; 5 LEs                ; 10 LEs                 ; Yes        ; |CompressionFunction|schedule[2][30]  ;
; 5:1                ; 27 bits   ; 81 LEs        ; 27 LEs               ; 54 LEs                 ; Yes        ; |CompressionFunction|schedule[1][27]  ;
; 5:1                ; 5 bits    ; 15 LEs        ; 5 LEs                ; 10 LEs                 ; Yes        ; |CompressionFunction|schedule[1][24]  ;
; 5:1                ; 27 bits   ; 81 LEs        ; 27 LEs               ; 54 LEs                 ; Yes        ; |CompressionFunction|schedule[0][26]  ;
; 5:1                ; 5 bits    ; 15 LEs        ; 5 LEs                ; 10 LEs                 ; Yes        ; |CompressionFunction|schedule[0][29]  ;
; 3:1                ; 2 bits    ; 4 LEs         ; 2 LEs                ; 2 LEs                  ; No         ; |CompressionFunction|current_state    ;
; 4:1                ; 32 bits   ; 64 LEs        ; 64 LEs               ; 0 LEs                  ; No         ; |CompressionFunction|Mux79            ;
; 4:1                ; 32 bits   ; 64 LEs        ; 64 LEs               ; 0 LEs                  ; No         ; |CompressionFunction|Mux60            ;
; 5:1                ; 64 bits   ; 192 LEs       ; 192 LEs              ; 0 LEs                  ; No         ; |CompressionFunction|Mux77            ;
; 6:1                ; 128 bits  ; 512 LEs       ; 512 LEs              ; 0 LEs                  ; No         ; |CompressionFunction|Mux107           ;
; 64:1               ; 32 bits   ; 1344 LEs      ; 1344 LEs             ; 0 LEs                  ; No         ; |CompressionFunction|Mux157           ;
; 10:1               ; 32 bits   ; 192 LEs       ; 192 LEs              ; 0 LEs                  ; No         ; |CompressionFunction|Mux94            ;
; 20:1               ; 32 bits   ; 416 LEs       ; 416 LEs              ; 0 LEs                  ; No         ; |CompressionFunction|Mux101           ;
; 20:1               ; 32 bits   ; 416 LEs       ; 416 LEs              ; 0 LEs                  ; No         ; |CompressionFunction|Mux91            ;
; 36:1               ; 32 bits   ; 768 LEs       ; 768 LEs              ; 0 LEs                  ; No         ; |CompressionFunction|Mux3             ;
+--------------------+-----------+---------------+----------------------+------------------------+------------+---------------------------------------+


+----------------------------------------------------------------+
; Port Connectivity Checks: "PaddedMessageRegFile:paddedmessage" ;
+--------+-------+----------+------------------------------------+
; Port   ; Type  ; Severity ; Details                            ;
+--------+-------+----------+------------------------------------+
; wen    ; Input ; Info     ; Stuck at GND                       ;
; datain ; Input ; Info     ; Stuck at GND                       ;
+--------+-------+----------+------------------------------------+


+-------------------------------+
; Elapsed Time Per Partition    ;
+----------------+--------------+
; Partition Name ; Elapsed Time ;
+----------------+--------------+
; Top            ; 00:00:29     ;
+----------------+--------------+


+-------------------------------+
; Analysis & Synthesis Messages ;
+-------------------------------+
Info: *******************************************************************
Info: Running Quartus II 64-Bit Analysis & Synthesis
    Info: Version 13.0.1 Build 232 06/12/2013 Service Pack 1 SJ Full Version
    Info: Processing started: Wed Feb 20 11:23:04 2019
Info: Command: quartus_map --read_settings_files=on --write_settings_files=off CompressionFunction -c CompressionFunction
Info (11104): Parallel Compilation has detected 4 hyper-threaded processors. However, the extra hyper-threaded processors will not be used by default. Parallel Compilation will use 2 of the 2 physical processors detected instead.
Info (12021): Found 2 design units, including 0 entities, in source file sha256_msfunctions.vhd
    Info (12022): Found design unit 1: sha256_msfunctions
    Info (12022): Found design unit 2: sha256_msfunctions-body
Info (12021): Found 1 design units, including 0 entities, in source file sha256_datatypes.vhd
    Info (12022): Found design unit 1: sha256_datatypes
Info (12021): Found 1 design units, including 0 entities, in source file sha256_constants.vhd
    Info (12022): Found design unit 1: sha256_constants
Info (12021): Found 2 design units, including 1 entities, in source file compressionfunction.vhd
    Info (12022): Found design unit 1: CompressionFunction-behaviour
    Info (12023): Found entity 1: CompressionFunction
Info (12021): Found 2 design units, including 1 entities, in source file paddedmessageregfile.vhd
    Info (12022): Found design unit 1: PaddedMessageRegFile-Behavioral
    Info (12023): Found entity 1: PaddedMessageRegFile
Info (12127): Elaborating entity "CompressionFunction" for the top level hierarchy
Warning (10492): VHDL Process Statement warning at CompressionFunction.vhd(173): signal "schedule" is read inside the Process Statement but isn't in the Process Statement's sensitivity list
Warning (10492): VHDL Process Statement warning at CompressionFunction.vhd(174): signal "schedule" is read inside the Process Statement but isn't in the Process Statement's sensitivity list
Warning (10492): VHDL Process Statement warning at CompressionFunction.vhd(175): signal "schedule" is read inside the Process Statement but isn't in the Process Statement's sensitivity list
Warning (10492): VHDL Process Statement warning at CompressionFunction.vhd(176): signal "schedule" is read inside the Process Statement but isn't in the Process Statement's sensitivity list
Warning (10492): VHDL Process Statement warning at CompressionFunction.vhd(177): signal "compressed" is read inside the Process Statement but isn't in the Process Statement's sensitivity list
Warning (10492): VHDL Process Statement warning at CompressionFunction.vhd(178): signal "T1" is read inside the Process Statement but isn't in the Process Statement's sensitivity list
Info (12128): Elaborating entity "PaddedMessageRegFile" for hierarchy "PaddedMessageRegFile:paddedmessage"
Info (276014): Found 1 instances of uninferred RAM logic
    Info (276004): RAM logic "PaddedMessageRegFile:paddedmessage|registers" is uninferred due to inappropriate RAM size
Warning (13024): Output pins are stuck at VCC or GND
    Warning (13410): Pin "outmem[1]" is stuck at GND
    Warning (13410): Pin "outmem[2]" is stuck at GND
    Warning (13410): Pin "outmem[3]" is stuck at GND
    Warning (13410): Pin "outmem[4]" is stuck at GND
    Warning (13410): Pin "outmem[5]" is stuck at GND
    Warning (13410): Pin "outmem[6]" is stuck at GND
    Warning (13410): Pin "outmem[7]" is stuck at GND
    Warning (13410): Pin "outmem[8]" is stuck at GND
    Warning (13410): Pin "outmem[9]" is stuck at GND
    Warning (13410): Pin "outmem[10]" is stuck at GND
    Warning (13410): Pin "outmem[11]" is stuck at GND
    Warning (13410): Pin "outmem[12]" is stuck at GND
    Warning (13410): Pin "outmem[13]" is stuck at GND
    Warning (13410): Pin "outmem[14]" is stuck at GND
    Warning (13410): Pin "outmem[15]" is stuck at GND
    Warning (13410): Pin "outmem[16]" is stuck at GND
    Warning (13410): Pin "outmem[17]" is stuck at GND
    Warning (13410): Pin "outmem[18]" is stuck at GND
    Warning (13410): Pin "outmem[19]" is stuck at GND
    Warning (13410): Pin "outmem[20]" is stuck at GND
    Warning (13410): Pin "outmem[21]" is stuck at GND
    Warning (13410): Pin "outmem[22]" is stuck at GND
    Warning (13410): Pin "outmem[25]" is stuck at GND
    Warning (13410): Pin "outmem[26]" is stuck at GND
    Warning (13410): Pin "outmem[27]" is stuck at GND
    Warning (13410): Pin "outmem[28]" is stuck at GND
    Warning (13410): Pin "outmem[31]" is stuck at GND
Info (16010): Generating hard_block partition "hard_block:auto_generated_inst"
    Info (16011): Adding 0 node(s), including 0 DDIO, 0 PLL, 0 transceiver and 0 LCELL
Info (21057): Implemented 8901 device resources after synthesis - the final resource count might be different
    Info (21058): Implemented 3 input pins
    Info (21059): Implemented 454 output pins
    Info (21061): Implemented 8444 logic cells
Info: Quartus II 64-Bit Analysis & Synthesis was successful. 0 errors, 34 warnings
    Info: Peak virtual memory: 528 megabytes
    Info: Processing ended: Wed Feb 20 11:23:40 2019
    Info: Elapsed time: 00:00:36
    Info: Total CPU time (on all processors): 00:00:35


