------------------------------------------------------------
TimeQuest Timing Analyzer Summary
------------------------------------------------------------

Type  : Slow Model Setup 'clock'
Slack : -15.320
TNS   : -33456.813

Type  : Slow Model Setup 'clk'
Slack : -3.564
TNS   : -99.288

Type  : Slow Model Hold 'clk'
Slack : 0.391
TNS   : 0.000

Type  : Slow Model Hold 'clock'
Slack : 0.391
TNS   : 0.000

Type  : Slow Model Minimum Pulse Width 'clock'
Slack : -1.380
TNS   : -3027.380

Type  : Slow Model Minimum Pulse Width 'clk'
Slack : -1.380
TNS   : -35.380

Type  : Fast Model Setup 'clock'
Slack : -6.429
TNS   : -13675.095

Type  : Fast Model Setup 'clk'
Slack : -1.184
TNS   : -29.350

Type  : Fast Model Hold 'clk'
Slack : 0.215
TNS   : 0.000

Type  : Fast Model Hold 'clock'
Slack : 0.215
TNS   : 0.000

Type  : Fast Model Minimum Pulse Width 'clock'
Slack : -1.380
TNS   : -3027.380

Type  : Fast Model Minimum Pulse Width 'clk'
Slack : -1.380
TNS   : -35.380

------------------------------------------------------------
