Analysis & Synthesis report for MessageScheduler
Thu Jan 31 13:40:45 2019
Quartus II 64-Bit Version 13.0.1 Build 232 06/12/2013 Service Pack 1 SJ Full Version


---------------------
; Table of Contents ;
---------------------
  1. Legal Notice
  2. Analysis & Synthesis Summary
  3. Analysis & Synthesis Settings
  4. Parallel Compilation
  5. Analysis & Synthesis Source Files Read
  6. Analysis & Synthesis Resource Usage Summary
  7. Analysis & Synthesis Resource Utilization by Entity
  8. Registers Removed During Synthesis
  9. Removed Registers Triggering Further Register Optimizations
 10. General Register Statistics
 11. Multiplexer Restructuring Statistics (Restructuring Performed)
 12. Elapsed Time Per Partition
 13. Analysis & Synthesis Messages



----------------
; Legal Notice ;
----------------
Copyright (C) 1991-2013 Altera Corporation
Your use of Altera Corporation's design tools, logic functions 
and other software and tools, and its AMPP partner logic 
functions, and any output files from any of the foregoing 
(including device programming or simulation files), and any 
associated documentation or information are expressly subject 
to the terms and conditions of the Altera Program License 
Subscription Agreement, Altera MegaCore Function License 
Agreement, or other applicable license agreement, including, 
without limitation, that your use is for the sole purpose of 
programming logic devices manufactured by Altera and sold by 
Altera or its authorized distributors.  Please refer to the 
applicable agreement for further details.



+---------------------------------------------------------------------------------------+
; Analysis & Synthesis Summary                                                          ;
+------------------------------------+--------------------------------------------------+
; Analysis & Synthesis Status        ; Successful - Thu Jan 31 13:40:44 2019            ;
; Quartus II 64-Bit Version          ; 13.0.1 Build 232 06/12/2013 SP 1 SJ Full Version ;
; Revision Name                      ; MessageScheduler                                 ;
; Top-level Entity Name              ; MessageScheduler                                 ;
; Family                             ; Cyclone II                                       ;
; Total logic elements               ; 5,767                                            ;
;     Total combinational functions  ; 3,751                                            ;
;     Dedicated logic registers      ; 2,080                                            ;
; Total registers                    ; 2080                                             ;
; Total pins                         ; 2,561                                            ;
; Total virtual pins                 ; 0                                                ;
; Total memory bits                  ; 0                                                ;
; Embedded Multiplier 9-bit elements ; 0                                                ;
; Total PLLs                         ; 0                                                ;
+------------------------------------+--------------------------------------------------+


+----------------------------------------------------------------------------------------------------------------------+
; Analysis & Synthesis Settings                                                                                        ;
+----------------------------------------------------------------------------+--------------------+--------------------+
; Option                                                                     ; Setting            ; Default Value      ;
+----------------------------------------------------------------------------+--------------------+--------------------+
; Device                                                                     ; EP2C35F672C6       ;                    ;
; Top-level entity name                                                      ; MessageScheduler   ; MessageScheduler   ;
; Family name                                                                ; Cyclone II         ; Cyclone IV GX      ;
; Use smart compilation                                                      ; Off                ; Off                ;
; Enable parallel Assembler and TimeQuest Timing Analyzer during compilation ; On                 ; On                 ;
; Enable compact report table                                                ; Off                ; Off                ;
; Restructure Multiplexers                                                   ; Auto               ; Auto               ;
; Create Debugging Nodes for IP Cores                                        ; Off                ; Off                ;
; Preserve fewer node names                                                  ; On                 ; On                 ;
; Disable OpenCore Plus hardware evaluation                                  ; Off                ; Off                ;
; Verilog Version                                                            ; Verilog_2001       ; Verilog_2001       ;
; VHDL Version                                                               ; VHDL_1993          ; VHDL_1993          ;
; State Machine Processing                                                   ; Auto               ; Auto               ;
; Safe State Machine                                                         ; Off                ; Off                ;
; Extract Verilog State Machines                                             ; On                 ; On                 ;
; Extract VHDL State Machines                                                ; On                 ; On                 ;
; Ignore Verilog initial constructs                                          ; Off                ; Off                ;
; Iteration limit for constant Verilog loops                                 ; 5000               ; 5000               ;
; Iteration limit for non-constant Verilog loops                             ; 250                ; 250                ;
; Add Pass-Through Logic to Inferred RAMs                                    ; On                 ; On                 ;
; Infer RAMs from Raw Logic                                                  ; On                 ; On                 ;
; Parallel Synthesis                                                         ; On                 ; On                 ;
; DSP Block Balancing                                                        ; Auto               ; Auto               ;
; NOT Gate Push-Back                                                         ; On                 ; On                 ;
; Power-Up Don't Care                                                        ; On                 ; On                 ;
; Remove Redundant Logic Cells                                               ; Off                ; Off                ;
; Remove Duplicate Registers                                                 ; On                 ; On                 ;
; Ignore CARRY Buffers                                                       ; Off                ; Off                ;
; Ignore CASCADE Buffers                                                     ; Off                ; Off                ;
; Ignore GLOBAL Buffers                                                      ; Off                ; Off                ;
; Ignore ROW GLOBAL Buffers                                                  ; Off                ; Off                ;
; Ignore LCELL Buffers                                                       ; Off                ; Off                ;
; Ignore SOFT Buffers                                                        ; On                 ; On                 ;
; Limit AHDL Integers to 32 Bits                                             ; Off                ; Off                ;
; Optimization Technique                                                     ; Balanced           ; Balanced           ;
; Carry Chain Length                                                         ; 70                 ; 70                 ;
; Auto Carry Chains                                                          ; On                 ; On                 ;
; Auto Open-Drain Pins                                                       ; On                 ; On                 ;
; Perform WYSIWYG Primitive Resynthesis                                      ; Off                ; Off                ;
; Auto ROM Replacement                                                       ; On                 ; On                 ;
; Auto RAM Replacement                                                       ; On                 ; On                 ;
; Auto Shift Register Replacement                                            ; Auto               ; Auto               ;
; Allow Shift Register Merging across Hierarchies                            ; Auto               ; Auto               ;
; Auto Clock Enable Replacement                                              ; On                 ; On                 ;
; Strict RAM Replacement                                                     ; Off                ; Off                ;
; Allow Synchronous Control Signals                                          ; On                 ; On                 ;
; Force Use of Synchronous Clear Signals                                     ; Off                ; Off                ;
; Auto RAM to Logic Cell Conversion                                          ; Off                ; Off                ;
; Auto Resource Sharing                                                      ; Off                ; Off                ;
; Allow Any RAM Size For Recognition                                         ; Off                ; Off                ;
; Allow Any ROM Size For Recognition                                         ; Off                ; Off                ;
; Allow Any Shift Register Size For Recognition                              ; Off                ; Off                ;
; Use LogicLock Constraints during Resource Balancing                        ; On                 ; On                 ;
; Ignore translate_off and synthesis_off directives                          ; Off                ; Off                ;
; Timing-Driven Synthesis                                                    ; Off                ; Off                ;
; Report Parameter Settings                                                  ; On                 ; On                 ;
; Report Source Assignments                                                  ; On                 ; On                 ;
; Report Connectivity Checks                                                 ; On                 ; On                 ;
; Ignore Maximum Fan-Out Assignments                                         ; Off                ; Off                ;
; Synchronization Register Chain Length                                      ; 2                  ; 2                  ;
; PowerPlay Power Optimization                                               ; Normal compilation ; Normal compilation ;
; HDL message level                                                          ; Level2             ; Level2             ;
; Suppress Register Optimization Related Messages                            ; Off                ; Off                ;
; Number of Removed Registers Reported in Synthesis Report                   ; 5000               ; 5000               ;
; Number of Swept Nodes Reported in Synthesis Report                         ; 5000               ; 5000               ;
; Number of Inverted Registers Reported in Synthesis Report                  ; 100                ; 100                ;
; Clock MUX Protection                                                       ; On                 ; On                 ;
; Auto Gated Clock Conversion                                                ; Off                ; Off                ;
; Block Design Naming                                                        ; Auto               ; Auto               ;
; SDC constraint protection                                                  ; Off                ; Off                ;
; Synthesis Effort                                                           ; Auto               ; Auto               ;
; Shift Register Replacement - Allow Asynchronous Clear Signal               ; On                 ; On                 ;
; Pre-Mapping Resynthesis Optimization                                       ; Off                ; Off                ;
; Analysis & Synthesis Message Level                                         ; Medium             ; Medium             ;
; Disable Register Merging Across Hierarchies                                ; Auto               ; Auto               ;
; Resource Aware Inference For Block RAM                                     ; On                 ; On                 ;
; Synthesis Seed                                                             ; 1                  ; 1                  ;
+----------------------------------------------------------------------------+--------------------+--------------------+


+------------------------------------------+
; Parallel Compilation                     ;
+----------------------------+-------------+
; Processors                 ; Number      ;
+----------------------------+-------------+
; Number detected on machine ; 4           ;
; Maximum allowed            ; 2           ;
;                            ;             ;
; Average used               ; 1.00        ;
; Maximum used               ; 1           ;
;                            ;             ;
; Usage by Processor         ; % Time Used ;
;     Processor 1            ; 100.0%      ;
;     Processors 2-4         ;   0.0%      ;
+----------------------------+-------------+


+-----------------------------------------------------------------------------------------------------------------------------------------+
; Analysis & Synthesis Source Files Read                                                                                                  ;
+----------------------------------+-----------------+-----------------+--------------------------------------------------------+---------+
; File Name with User-Entered Path ; Used in Netlist ; File Type       ; File Name with Absolute Path                           ; Library ;
+----------------------------------+-----------------+-----------------+--------------------------------------------------------+---------+
; sha256_datatypes.vhd             ; yes             ; User VHDL File  ; C:/Users/Brian/Desktop/Capstone/sha256_datatypes.vhd   ;         ;
; sha256_constants.vhd             ; yes             ; User VHDL File  ; C:/Users/Brian/Desktop/Capstone/sha256_constants.vhd   ;         ;
; sha256_msfunctions.vhd           ; yes             ; User VHDL File  ; C:/Users/Brian/Desktop/Capstone/sha256_msfunctions.vhd ;         ;
; MessageScheduler.vhd             ; yes             ; User VHDL File  ; C:/Users/Brian/Desktop/Capstone/MessageScheduler.vhd   ;         ;
+----------------------------------+-----------------+-----------------+--------------------------------------------------------+---------+


+-----------------------------------------------------+
; Analysis & Synthesis Resource Usage Summary         ;
+---------------------------------------------+-------+
; Resource                                    ; Usage ;
+---------------------------------------------+-------+
; Estimated Total logic elements              ; 5,767 ;
;                                             ;       ;
; Total combinational functions               ; 3751  ;
; Logic element usage by number of LUT inputs ;       ;
;     -- 4 input functions                    ; 2476  ;
;     -- 3 input functions                    ; 1197  ;
;     -- <=2 input functions                  ; 78    ;
;                                             ;       ;
; Logic elements by mode                      ;       ;
;     -- normal mode                          ; 3627  ;
;     -- arithmetic mode                      ; 124   ;
;                                             ;       ;
; Total registers                             ; 2080  ;
;     -- Dedicated logic registers            ; 2080  ;
;     -- I/O registers                        ; 0     ;
;                                             ;       ;
; I/O pins                                    ; 2561  ;
; Embedded Multiplier 9-bit elements          ; 0     ;
; Maximum fan-out node                        ; clk   ;
; Maximum fan-out                             ; 2080  ;
; Total fan-out                               ; 21967 ;
; Average fan-out                             ; 2.62  ;
+---------------------------------------------+-------+


+-----------------------------------------------------------------------------------------------------------------------------------------------------------------------------+
; Analysis & Synthesis Resource Utilization by Entity                                                                                                                         ;
+----------------------------+-------------------+--------------+-------------+--------------+---------+-----------+------+--------------+---------------------+--------------+
; Compilation Hierarchy Node ; LC Combinationals ; LC Registers ; Memory Bits ; DSP Elements ; DSP 9x9 ; DSP 18x18 ; Pins ; Virtual Pins ; Full Hierarchy Name ; Library Name ;
+----------------------------+-------------------+--------------+-------------+--------------+---------+-----------+------+--------------+---------------------+--------------+
; |MessageScheduler          ; 3751 (3751)       ; 2080 (2080)  ; 0           ; 0            ; 0       ; 0         ; 2561 ; 0            ; |MessageScheduler   ; work         ;
+----------------------------+-------------------+--------------+-------------+--------------+---------+-----------+------+--------------+---------------------+--------------+
Note: For table entries with two numbers listed, the numbers in parentheses indicate the number of resources of the given type used by the specific entity alone. The numbers listed outside of parentheses indicate the total resources of the given type used by the specific entity and all of its sub-entities in the hierarchy.


+----------------------------------------------------------------------------------+
; Registers Removed During Synthesis                                               ;
+-----------------------------------------+----------------------------------------+
; Register name                           ; Reason for Removal                     ;
+-----------------------------------------+----------------------------------------+
; temp[0..511]                            ; Stuck at GND due to stuck port data_in ;
; Total Number of Removed Registers = 512 ;                                        ;
+-----------------------------------------+----------------------------------------+


+-------------------------------------------------------------------------------------------------------------------------------------+
; Removed Registers Triggering Further Register Optimizations                                                                         ;
+---------------+---------------------------+-----------------------------------------------------------------------------------------+
; Register name ; Reason for Removal        ; Registers Removed due to This Register                                                  ;
+---------------+---------------------------+-----------------------------------------------------------------------------------------+
; temp[480]     ; Stuck at GND              ; temp[448], temp[416], temp[384], temp[352], temp[320], temp[288], temp[256], temp[224], ;
;               ; due to stuck port data_in ; temp[192], temp[160], temp[128], temp[96], temp[64], temp[32], temp[0]                  ;
; temp[481]     ; Stuck at GND              ; temp[449], temp[417], temp[385], temp[353], temp[321], temp[289], temp[257], temp[225], ;
;               ; due to stuck port data_in ; temp[193], temp[161], temp[129], temp[97], temp[65], temp[33], temp[1]                  ;
; temp[482]     ; Stuck at GND              ; temp[450], temp[418], temp[386], temp[354], temp[322], temp[290], temp[258], temp[226], ;
;               ; due to stuck port data_in ; temp[194], temp[162], temp[130], temp[98], temp[66], temp[34], temp[2]                  ;
; temp[483]     ; Stuck at GND              ; temp[451], temp[419], temp[387], temp[355], temp[323], temp[291], temp[259], temp[227], ;
;               ; due to stuck port data_in ; temp[195], temp[163], temp[131], temp[99], temp[67], temp[35], temp[3]                  ;
; temp[484]     ; Stuck at GND              ; temp[452], temp[420], temp[388], temp[356], temp[324], temp[292], temp[260], temp[228], ;
;               ; due to stuck port data_in ; temp[196], temp[164], temp[132], temp[100], temp[68], temp[36], temp[4]                 ;
; temp[485]     ; Stuck at GND              ; temp[453], temp[421], temp[389], temp[357], temp[325], temp[293], temp[261], temp[229], ;
;               ; due to stuck port data_in ; temp[197], temp[165], temp[133], temp[101], temp[69], temp[37], temp[5]                 ;
; temp[486]     ; Stuck at GND              ; temp[454], temp[422], temp[390], temp[358], temp[326], temp[294], temp[262], temp[230], ;
;               ; due to stuck port data_in ; temp[198], temp[166], temp[134], temp[102], temp[70], temp[38], temp[6]                 ;
; temp[487]     ; Stuck at GND              ; temp[455], temp[423], temp[391], temp[359], temp[327], temp[295], temp[263], temp[231], ;
;               ; due to stuck port data_in ; temp[199], temp[167], temp[135], temp[103], temp[71], temp[39], temp[7]                 ;
; temp[488]     ; Stuck at GND              ; temp[456], temp[424], temp[392], temp[360], temp[328], temp[296], temp[264], temp[232], ;
;               ; due to stuck port data_in ; temp[200], temp[168], temp[136], temp[104], temp[72], temp[40], temp[8]                 ;
; temp[489]     ; Stuck at GND              ; temp[457], temp[425], temp[393], temp[361], temp[329], temp[297], temp[265], temp[233], ;
;               ; due to stuck port data_in ; temp[201], temp[169], temp[137], temp[105], temp[73], temp[41], temp[9]                 ;
; temp[490]     ; Stuck at GND              ; temp[458], temp[426], temp[394], temp[362], temp[330], temp[298], temp[266], temp[234], ;
;               ; due to stuck port data_in ; temp[202], temp[170], temp[138], temp[106], temp[74], temp[42], temp[10]                ;
; temp[491]     ; Stuck at GND              ; temp[459], temp[427], temp[395], temp[363], temp[331], temp[299], temp[267], temp[235], ;
;               ; due to stuck port data_in ; temp[203], temp[171], temp[139], temp[107], temp[75], temp[43], temp[11]                ;
; temp[492]     ; Stuck at GND              ; temp[460], temp[428], temp[396], temp[364], temp[332], temp[300], temp[268], temp[236], ;
;               ; due to stuck port data_in ; temp[204], temp[172], temp[140], temp[108], temp[76], temp[44], temp[12]                ;
; temp[493]     ; Stuck at GND              ; temp[461], temp[429], temp[397], temp[365], temp[333], temp[301], temp[269], temp[237], ;
;               ; due to stuck port data_in ; temp[205], temp[173], temp[141], temp[109], temp[77], temp[45], temp[13]                ;
; temp[494]     ; Stuck at GND              ; temp[462], temp[430], temp[398], temp[366], temp[334], temp[302], temp[270], temp[238], ;
;               ; due to stuck port data_in ; temp[206], temp[174], temp[142], temp[110], temp[78], temp[46], temp[14]                ;
; temp[495]     ; Stuck at GND              ; temp[463], temp[431], temp[399], temp[367], temp[335], temp[303], temp[271], temp[239], ;
;               ; due to stuck port data_in ; temp[207], temp[175], temp[143], temp[111], temp[79], temp[47], temp[15]                ;
; temp[496]     ; Stuck at GND              ; temp[464], temp[432], temp[400], temp[368], temp[336], temp[304], temp[272], temp[240], ;
;               ; due to stuck port data_in ; temp[208], temp[176], temp[144], temp[112], temp[80], temp[48], temp[16]                ;
; temp[497]     ; Stuck at GND              ; temp[465], temp[433], temp[401], temp[369], temp[337], temp[305], temp[273], temp[241], ;
;               ; due to stuck port data_in ; temp[209], temp[177], temp[145], temp[113], temp[81], temp[49], temp[17]                ;
; temp[498]     ; Stuck at GND              ; temp[466], temp[434], temp[402], temp[370], temp[338], temp[306], temp[274], temp[242], ;
;               ; due to stuck port data_in ; temp[210], temp[178], temp[146], temp[114], temp[82], temp[50], temp[18]                ;
; temp[499]     ; Stuck at GND              ; temp[467], temp[435], temp[403], temp[371], temp[339], temp[307], temp[275], temp[243], ;
;               ; due to stuck port data_in ; temp[211], temp[179], temp[147], temp[115], temp[83], temp[51], temp[19]                ;
; temp[500]     ; Stuck at GND              ; temp[468], temp[436], temp[404], temp[372], temp[340], temp[308], temp[276], temp[244], ;
;               ; due to stuck port data_in ; temp[212], temp[180], temp[148], temp[116], temp[84], temp[52], temp[20]                ;
; temp[501]     ; Stuck at GND              ; temp[469], temp[437], temp[405], temp[373], temp[341], temp[309], temp[277], temp[245], ;
;               ; due to stuck port data_in ; temp[213], temp[181], temp[149], temp[117], temp[85], temp[53], temp[21]                ;
; temp[502]     ; Stuck at GND              ; temp[470], temp[438], temp[406], temp[374], temp[342], temp[310], temp[278], temp[246], ;
;               ; due to stuck port data_in ; temp[214], temp[182], temp[150], temp[118], temp[86], temp[54], temp[22]                ;
; temp[503]     ; Stuck at GND              ; temp[471], temp[439], temp[407], temp[375], temp[343], temp[311], temp[279], temp[247], ;
;               ; due to stuck port data_in ; temp[215], temp[183], temp[151], temp[119], temp[87], temp[55], temp[23]                ;
; temp[504]     ; Stuck at GND              ; temp[472], temp[440], temp[408], temp[376], temp[344], temp[312], temp[280], temp[248], ;
;               ; due to stuck port data_in ; temp[216], temp[184], temp[152], temp[120], temp[88], temp[56], temp[24]                ;
; temp[505]     ; Stuck at GND              ; temp[473], temp[441], temp[409], temp[377], temp[345], temp[313], temp[281], temp[249], ;
;               ; due to stuck port data_in ; temp[217], temp[185], temp[153], temp[121], temp[89], temp[57], temp[25]                ;
; temp[506]     ; Stuck at GND              ; temp[474], temp[442], temp[410], temp[378], temp[346], temp[314], temp[282], temp[250], ;
;               ; due to stuck port data_in ; temp[218], temp[186], temp[154], temp[122], temp[90], temp[58], temp[26]                ;
; temp[507]     ; Stuck at GND              ; temp[475], temp[443], temp[411], temp[379], temp[347], temp[315], temp[283], temp[251], ;
;               ; due to stuck port data_in ; temp[219], temp[187], temp[155], temp[123], temp[91], temp[59], temp[27]                ;
; temp[508]     ; Stuck at GND              ; temp[476], temp[444], temp[412], temp[380], temp[348], temp[316], temp[284], temp[252], ;
;               ; due to stuck port data_in ; temp[220], temp[188], temp[156], temp[124], temp[92], temp[60], temp[28]                ;
; temp[509]     ; Stuck at GND              ; temp[477], temp[445], temp[413], temp[381], temp[349], temp[317], temp[285], temp[253], ;
;               ; due to stuck port data_in ; temp[221], temp[189], temp[157], temp[125], temp[93], temp[61], temp[29]                ;
; temp[510]     ; Stuck at GND              ; temp[478], temp[446], temp[414], temp[382], temp[350], temp[318], temp[286], temp[254], ;
;               ; due to stuck port data_in ; temp[222], temp[190], temp[158], temp[126], temp[94], temp[62], temp[30]                ;
; temp[511]     ; Stuck at GND              ; temp[479], temp[447], temp[415], temp[383], temp[351], temp[319], temp[287], temp[255], ;
;               ; due to stuck port data_in ; temp[223], temp[191], temp[159], temp[127], temp[95], temp[63], temp[31]                ;
+---------------+---------------------------+-----------------------------------------------------------------------------------------+


+------------------------------------------------------+
; General Register Statistics                          ;
+----------------------------------------------+-------+
; Statistic                                    ; Value ;
+----------------------------------------------+-------+
; Total registers                              ; 2080  ;
; Number of registers using Synchronous Clear  ; 0     ;
; Number of registers using Synchronous Load   ; 32    ;
; Number of registers using Asynchronous Clear ; 0     ;
; Number of registers using Asynchronous Load  ; 0     ;
; Number of registers using Clock Enable       ; 2048  ;
; Number of registers using Preset             ; 0     ;
+----------------------------------------------+-------+


+------------------------------------------------------------------------------------------------------------------------------------------+
; Multiplexer Restructuring Statistics (Restructuring Performed)                                                                           ;
+--------------------+-----------+---------------+----------------------+------------------------+------------+----------------------------+
; Multiplexer Inputs ; Bus Width ; Baseline Area ; Area if Restructured ; Saving if Restructured ; Registered ; Example Multiplexer Output ;
+--------------------+-----------+---------------+----------------------+------------------------+------------+----------------------------+
; 4:1                ; 32 bits   ; 64 LEs        ; 64 LEs               ; 0 LEs                  ; No         ; |MessageScheduler|Mux82    ;
; 4:1                ; 32 bits   ; 64 LEs        ; 64 LEs               ; 0 LEs                  ; No         ; |MessageScheduler|Mux46    ;
; 5:1                ; 64 bits   ; 192 LEs       ; 192 LEs              ; 0 LEs                  ; No         ; |MessageScheduler|Mux91    ;
; 6:1                ; 128 bits  ; 512 LEs       ; 512 LEs              ; 0 LEs                  ; No         ; |MessageScheduler|Mux106   ;
; 10:1               ; 32 bits   ; 192 LEs       ; 192 LEs              ; 0 LEs                  ; No         ; |MessageScheduler|Mux80    ;
; 20:1               ; 32 bits   ; 416 LEs       ; 416 LEs              ; 0 LEs                  ; No         ; |MessageScheduler|Mux97    ;
; 20:1               ; 32 bits   ; 416 LEs       ; 416 LEs              ; 0 LEs                  ; No         ; |MessageScheduler|Mux80    ;
; 36:1               ; 32 bits   ; 768 LEs       ; 768 LEs              ; 0 LEs                  ; No         ; |MessageScheduler|Mux31    ;
+--------------------+-----------+---------------+----------------------+------------------------+------------+----------------------------+


+-------------------------------+
; Elapsed Time Per Partition    ;
+----------------+--------------+
; Partition Name ; Elapsed Time ;
+----------------+--------------+
; Top            ; 00:00:17     ;
+----------------+--------------+


+-------------------------------+
; Analysis & Synthesis Messages ;
+-------------------------------+
Info: *******************************************************************
Info: Running Quartus II 64-Bit Analysis & Synthesis
    Info: Version 13.0.1 Build 232 06/12/2013 Service Pack 1 SJ Full Version
    Info: Processing started: Thu Jan 31 13:40:22 2019
Info: Command: quartus_map --read_settings_files=on --write_settings_files=off MessageScheduler -c MessageScheduler
Info (11104): Parallel Compilation has detected 4 hyper-threaded processors. However, the extra hyper-threaded processors will not be used by default. Parallel Compilation will use 2 of the 2 physical processors detected instead.
Info (12021): Found 1 design units, including 0 entities, in source file sha256_datatypes.vhd
    Info (12022): Found design unit 1: sha256_datatypes
Info (12021): Found 1 design units, including 0 entities, in source file sha256_constants.vhd
    Info (12022): Found design unit 1: sha256_constants
Info (12021): Found 2 design units, including 0 entities, in source file sha256_msfunctions.vhd
    Info (12022): Found design unit 1: sha256_msfunctions
    Info (12022): Found design unit 2: sha256_msfunctions-body
Info (12021): Found 2 design units, including 1 entities, in source file messagescheduler.vhd
    Info (12022): Found design unit 1: MessageScheduler-behaviour
    Info (12023): Found entity 1: MessageScheduler
Info (12127): Elaborating entity "MessageScheduler" for the top level hierarchy
Info (16010): Generating hard_block partition "hard_block:auto_generated_inst"
    Info (16011): Adding 0 node(s), including 0 DDIO, 0 PLL, 0 transceiver and 0 LCELL
Warning (21074): Design contains 512 input pin(s) that do not drive logic
    Warning (15610): No output dependent on input pin "M[0]"
    Warning (15610): No output dependent on input pin "M[1]"
    Warning (15610): No output dependent on input pin "M[2]"
    Warning (15610): No output dependent on input pin "M[3]"
    Warning (15610): No output dependent on input pin "M[4]"
    Warning (15610): No output dependent on input pin "M[5]"
    Warning (15610): No output dependent on input pin "M[6]"
    Warning (15610): No output dependent on input pin "M[7]"
    Warning (15610): No output dependent on input pin "M[8]"
    Warning (15610): No output dependent on input pin "M[9]"
    Warning (15610): No output dependent on input pin "M[10]"
    Warning (15610): No output dependent on input pin "M[11]"
    Warning (15610): No output dependent on input pin "M[12]"
    Warning (15610): No output dependent on input pin "M[13]"
    Warning (15610): No output dependent on input pin "M[14]"
    Warning (15610): No output dependent on input pin "M[15]"
    Warning (15610): No output dependent on input pin "M[16]"
    Warning (15610): No output dependent on input pin "M[17]"
    Warning (15610): No output dependent on input pin "M[18]"
    Warning (15610): No output dependent on input pin "M[19]"
    Warning (15610): No output dependent on input pin "M[20]"
    Warning (15610): No output dependent on input pin "M[21]"
    Warning (15610): No output dependent on input pin "M[22]"
    Warning (15610): No output dependent on input pin "M[23]"
    Warning (15610): No output dependent on input pin "M[24]"
    Warning (15610): No output dependent on input pin "M[25]"
    Warning (15610): No output dependent on input pin "M[26]"
    Warning (15610): No output dependent on input pin "M[27]"
    Warning (15610): No output dependent on input pin "M[28]"
    Warning (15610): No output dependent on input pin "M[29]"
    Warning (15610): No output dependent on input pin "M[30]"
    Warning (15610): No output dependent on input pin "M[31]"
    Warning (15610): No output dependent on input pin "M[32]"
    Warning (15610): No output dependent on input pin "M[33]"
    Warning (15610): No output dependent on input pin "M[34]"
    Warning (15610): No output dependent on input pin "M[35]"
    Warning (15610): No output dependent on input pin "M[36]"
    Warning (15610): No output dependent on input pin "M[37]"
    Warning (15610): No output dependent on input pin "M[38]"
    Warning (15610): No output dependent on input pin "M[39]"
    Warning (15610): No output dependent on input pin "M[40]"
    Warning (15610): No output dependent on input pin "M[41]"
    Warning (15610): No output dependent on input pin "M[42]"
    Warning (15610): No output dependent on input pin "M[43]"
    Warning (15610): No output dependent on input pin "M[44]"
    Warning (15610): No output dependent on input pin "M[45]"
    Warning (15610): No output dependent on input pin "M[46]"
    Warning (15610): No output dependent on input pin "M[47]"
    Warning (15610): No output dependent on input pin "M[48]"
    Warning (15610): No output dependent on input pin "M[49]"
    Warning (15610): No output dependent on input pin "M[50]"
    Warning (15610): No output dependent on input pin "M[51]"
    Warning (15610): No output dependent on input pin "M[52]"
    Warning (15610): No output dependent on input pin "M[53]"
    Warning (15610): No output dependent on input pin "M[54]"
    Warning (15610): No output dependent on input pin "M[55]"
    Warning (15610): No output dependent on input pin "M[56]"
    Warning (15610): No output dependent on input pin "M[57]"
    Warning (15610): No output dependent on input pin "M[58]"
    Warning (15610): No output dependent on input pin "M[59]"
    Warning (15610): No output dependent on input pin "M[60]"
    Warning (15610): No output dependent on input pin "M[61]"
    Warning (15610): No output dependent on input pin "M[62]"
    Warning (15610): No output dependent on input pin "M[63]"
    Warning (15610): No output dependent on input pin "M[64]"
    Warning (15610): No output dependent on input pin "M[65]"
    Warning (15610): No output dependent on input pin "M[66]"
    Warning (15610): No output dependent on input pin "M[67]"
    Warning (15610): No output dependent on input pin "M[68]"
    Warning (15610): No output dependent on input pin "M[69]"
    Warning (15610): No output dependent on input pin "M[70]"
    Warning (15610): No output dependent on input pin "M[71]"
    Warning (15610): No output dependent on input pin "M[72]"
    Warning (15610): No output dependent on input pin "M[73]"
    Warning (15610): No output dependent on input pin "M[74]"
    Warning (15610): No output dependent on input pin "M[75]"
    Warning (15610): No output dependent on input pin "M[76]"
    Warning (15610): No output dependent on input pin "M[77]"
    Warning (15610): No output dependent on input pin "M[78]"
    Warning (15610): No output dependent on input pin "M[79]"
    Warning (15610): No output dependent on input pin "M[80]"
    Warning (15610): No output dependent on input pin "M[81]"
    Warning (15610): No output dependent on input pin "M[82]"
    Warning (15610): No output dependent on input pin "M[83]"
    Warning (15610): No output dependent on input pin "M[84]"
    Warning (15610): No output dependent on input pin "M[85]"
    Warning (15610): No output dependent on input pin "M[86]"
    Warning (15610): No output dependent on input pin "M[87]"
    Warning (15610): No output dependent on input pin "M[88]"
    Warning (15610): No output dependent on input pin "M[89]"
    Warning (15610): No output dependent on input pin "M[90]"
    Warning (15610): No output dependent on input pin "M[91]"
    Warning (15610): No output dependent on input pin "M[92]"
    Warning (15610): No output dependent on input pin "M[93]"
    Warning (15610): No output dependent on input pin "M[94]"
    Warning (15610): No output dependent on input pin "M[95]"
    Warning (15610): No output dependent on input pin "M[96]"
    Warning (15610): No output dependent on input pin "M[97]"
    Warning (15610): No output dependent on input pin "M[98]"
    Warning (15610): No output dependent on input pin "M[99]"
    Warning (15610): No output dependent on input pin "M[100]"
    Warning (15610): No output dependent on input pin "M[101]"
    Warning (15610): No output dependent on input pin "M[102]"
    Warning (15610): No output dependent on input pin "M[103]"
    Warning (15610): No output dependent on input pin "M[104]"
    Warning (15610): No output dependent on input pin "M[105]"
    Warning (15610): No output dependent on input pin "M[106]"
    Warning (15610): No output dependent on input pin "M[107]"
    Warning (15610): No output dependent on input pin "M[108]"
    Warning (15610): No output dependent on input pin "M[109]"
    Warning (15610): No output dependent on input pin "M[110]"
    Warning (15610): No output dependent on input pin "M[111]"
    Warning (15610): No output dependent on input pin "M[112]"
    Warning (15610): No output dependent on input pin "M[113]"
    Warning (15610): No output dependent on input pin "M[114]"
    Warning (15610): No output dependent on input pin "M[115]"
    Warning (15610): No output dependent on input pin "M[116]"
    Warning (15610): No output dependent on input pin "M[117]"
    Warning (15610): No output dependent on input pin "M[118]"
    Warning (15610): No output dependent on input pin "M[119]"
    Warning (15610): No output dependent on input pin "M[120]"
    Warning (15610): No output dependent on input pin "M[121]"
    Warning (15610): No output dependent on input pin "M[122]"
    Warning (15610): No output dependent on input pin "M[123]"
    Warning (15610): No output dependent on input pin "M[124]"
    Warning (15610): No output dependent on input pin "M[125]"
    Warning (15610): No output dependent on input pin "M[126]"
    Warning (15610): No output dependent on input pin "M[127]"
    Warning (15610): No output dependent on input pin "M[128]"
    Warning (15610): No output dependent on input pin "M[129]"
    Warning (15610): No output dependent on input pin "M[130]"
    Warning (15610): No output dependent on input pin "M[131]"
    Warning (15610): No output dependent on input pin "M[132]"
    Warning (15610): No output dependent on input pin "M[133]"
    Warning (15610): No output dependent on input pin "M[134]"
    Warning (15610): No output dependent on input pin "M[135]"
    Warning (15610): No output dependent on input pin "M[136]"
    Warning (15610): No output dependent on input pin "M[137]"
    Warning (15610): No output dependent on input pin "M[138]"
    Warning (15610): No output dependent on input pin "M[139]"
    Warning (15610): No output dependent on input pin "M[140]"
    Warning (15610): No output dependent on input pin "M[141]"
    Warning (15610): No output dependent on input pin "M[142]"
    Warning (15610): No output dependent on input pin "M[143]"
    Warning (15610): No output dependent on input pin "M[144]"
    Warning (15610): No output dependent on input pin "M[145]"
    Warning (15610): No output dependent on input pin "M[146]"
    Warning (15610): No output dependent on input pin "M[147]"
    Warning (15610): No output dependent on input pin "M[148]"
    Warning (15610): No output dependent on input pin "M[149]"
    Warning (15610): No output dependent on input pin "M[150]"
    Warning (15610): No output dependent on input pin "M[151]"
    Warning (15610): No output dependent on input pin "M[152]"
    Warning (15610): No output dependent on input pin "M[153]"
    Warning (15610): No output dependent on input pin "M[154]"
    Warning (15610): No output dependent on input pin "M[155]"
    Warning (15610): No output dependent on input pin "M[156]"
    Warning (15610): No output dependent on input pin "M[157]"
    Warning (15610): No output dependent on input pin "M[158]"
    Warning (15610): No output dependent on input pin "M[159]"
    Warning (15610): No output dependent on input pin "M[160]"
    Warning (15610): No output dependent on input pin "M[161]"
    Warning (15610): No output dependent on input pin "M[162]"
    Warning (15610): No output dependent on input pin "M[163]"
    Warning (15610): No output dependent on input pin "M[164]"
    Warning (15610): No output dependent on input pin "M[165]"
    Warning (15610): No output dependent on input pin "M[166]"
    Warning (15610): No output dependent on input pin "M[167]"
    Warning (15610): No output dependent on input pin "M[168]"
    Warning (15610): No output dependent on input pin "M[169]"
    Warning (15610): No output dependent on input pin "M[170]"
    Warning (15610): No output dependent on input pin "M[171]"
    Warning (15610): No output dependent on input pin "M[172]"
    Warning (15610): No output dependent on input pin "M[173]"
    Warning (15610): No output dependent on input pin "M[174]"
    Warning (15610): No output dependent on input pin "M[175]"
    Warning (15610): No output dependent on input pin "M[176]"
    Warning (15610): No output dependent on input pin "M[177]"
    Warning (15610): No output dependent on input pin "M[178]"
    Warning (15610): No output dependent on input pin "M[179]"
    Warning (15610): No output dependent on input pin "M[180]"
    Warning (15610): No output dependent on input pin "M[181]"
    Warning (15610): No output dependent on input pin "M[182]"
    Warning (15610): No output dependent on input pin "M[183]"
    Warning (15610): No output dependent on input pin "M[184]"
    Warning (15610): No output dependent on input pin "M[185]"
    Warning (15610): No output dependent on input pin "M[186]"
    Warning (15610): No output dependent on input pin "M[187]"
    Warning (15610): No output dependent on input pin "M[188]"
    Warning (15610): No output dependent on input pin "M[189]"
    Warning (15610): No output dependent on input pin "M[190]"
    Warning (15610): No output dependent on input pin "M[191]"
    Warning (15610): No output dependent on input pin "M[192]"
    Warning (15610): No output dependent on input pin "M[193]"
    Warning (15610): No output dependent on input pin "M[194]"
    Warning (15610): No output dependent on input pin "M[195]"
    Warning (15610): No output dependent on input pin "M[196]"
    Warning (15610): No output dependent on input pin "M[197]"
    Warning (15610): No output dependent on input pin "M[198]"
    Warning (15610): No output dependent on input pin "M[199]"
    Warning (15610): No output dependent on input pin "M[200]"
    Warning (15610): No output dependent on input pin "M[201]"
    Warning (15610): No output dependent on input pin "M[202]"
    Warning (15610): No output dependent on input pin "M[203]"
    Warning (15610): No output dependent on input pin "M[204]"
    Warning (15610): No output dependent on input pin "M[205]"
    Warning (15610): No output dependent on input pin "M[206]"
    Warning (15610): No output dependent on input pin "M[207]"
    Warning (15610): No output dependent on input pin "M[208]"
    Warning (15610): No output dependent on input pin "M[209]"
    Warning (15610): No output dependent on input pin "M[210]"
    Warning (15610): No output dependent on input pin "M[211]"
    Warning (15610): No output dependent on input pin "M[212]"
    Warning (15610): No output dependent on input pin "M[213]"
    Warning (15610): No output dependent on input pin "M[214]"
    Warning (15610): No output dependent on input pin "M[215]"
    Warning (15610): No output dependent on input pin "M[216]"
    Warning (15610): No output dependent on input pin "M[217]"
    Warning (15610): No output dependent on input pin "M[218]"
    Warning (15610): No output dependent on input pin "M[219]"
    Warning (15610): No output dependent on input pin "M[220]"
    Warning (15610): No output dependent on input pin "M[221]"
    Warning (15610): No output dependent on input pin "M[222]"
    Warning (15610): No output dependent on input pin "M[223]"
    Warning (15610): No output dependent on input pin "M[224]"
    Warning (15610): No output dependent on input pin "M[225]"
    Warning (15610): No output dependent on input pin "M[226]"
    Warning (15610): No output dependent on input pin "M[227]"
    Warning (15610): No output dependent on input pin "M[228]"
    Warning (15610): No output dependent on input pin "M[229]"
    Warning (15610): No output dependent on input pin "M[230]"
    Warning (15610): No output dependent on input pin "M[231]"
    Warning (15610): No output dependent on input pin "M[232]"
    Warning (15610): No output dependent on input pin "M[233]"
    Warning (15610): No output dependent on input pin "M[234]"
    Warning (15610): No output dependent on input pin "M[235]"
    Warning (15610): No output dependent on input pin "M[236]"
    Warning (15610): No output dependent on input pin "M[237]"
    Warning (15610): No output dependent on input pin "M[238]"
    Warning (15610): No output dependent on input pin "M[239]"
    Warning (15610): No output dependent on input pin "M[240]"
    Warning (15610): No output dependent on input pin "M[241]"
    Warning (15610): No output dependent on input pin "M[242]"
    Warning (15610): No output dependent on input pin "M[243]"
    Warning (15610): No output dependent on input pin "M[244]"
    Warning (15610): No output dependent on input pin "M[245]"
    Warning (15610): No output dependent on input pin "M[246]"
    Warning (15610): No output dependent on input pin "M[247]"
    Warning (15610): No output dependent on input pin "M[248]"
    Warning (15610): No output dependent on input pin "M[249]"
    Warning (15610): No output dependent on input pin "M[250]"
    Warning (15610): No output dependent on input pin "M[251]"
    Warning (15610): No output dependent on input pin "M[252]"
    Warning (15610): No output dependent on input pin "M[253]"
    Warning (15610): No output dependent on input pin "M[254]"
    Warning (15610): No output dependent on input pin "M[255]"
    Warning (15610): No output dependent on input pin "M[256]"
    Warning (15610): No output dependent on input pin "M[257]"
    Warning (15610): No output dependent on input pin "M[258]"
    Warning (15610): No output dependent on input pin "M[259]"
    Warning (15610): No output dependent on input pin "M[260]"
    Warning (15610): No output dependent on input pin "M[261]"
    Warning (15610): No output dependent on input pin "M[262]"
    Warning (15610): No output dependent on input pin "M[263]"
    Warning (15610): No output dependent on input pin "M[264]"
    Warning (15610): No output dependent on input pin "M[265]"
    Warning (15610): No output dependent on input pin "M[266]"
    Warning (15610): No output dependent on input pin "M[267]"
    Warning (15610): No output dependent on input pin "M[268]"
    Warning (15610): No output dependent on input pin "M[269]"
    Warning (15610): No output dependent on input pin "M[270]"
    Warning (15610): No output dependent on input pin "M[271]"
    Warning (15610): No output dependent on input pin "M[272]"
    Warning (15610): No output dependent on input pin "M[273]"
    Warning (15610): No output dependent on input pin "M[274]"
    Warning (15610): No output dependent on input pin "M[275]"
    Warning (15610): No output dependent on input pin "M[276]"
    Warning (15610): No output dependent on input pin "M[277]"
    Warning (15610): No output dependent on input pin "M[278]"
    Warning (15610): No output dependent on input pin "M[279]"
    Warning (15610): No output dependent on input pin "M[280]"
    Warning (15610): No output dependent on input pin "M[281]"
    Warning (15610): No output dependent on input pin "M[282]"
    Warning (15610): No output dependent on input pin "M[283]"
    Warning (15610): No output dependent on input pin "M[284]"
    Warning (15610): No output dependent on input pin "M[285]"
    Warning (15610): No output dependent on input pin "M[286]"
    Warning (15610): No output dependent on input pin "M[287]"
    Warning (15610): No output dependent on input pin "M[288]"
    Warning (15610): No output dependent on input pin "M[289]"
    Warning (15610): No output dependent on input pin "M[290]"
    Warning (15610): No output dependent on input pin "M[291]"
    Warning (15610): No output dependent on input pin "M[292]"
    Warning (15610): No output dependent on input pin "M[293]"
    Warning (15610): No output dependent on input pin "M[294]"
    Warning (15610): No output dependent on input pin "M[295]"
    Warning (15610): No output dependent on input pin "M[296]"
    Warning (15610): No output dependent on input pin "M[297]"
    Warning (15610): No output dependent on input pin "M[298]"
    Warning (15610): No output dependent on input pin "M[299]"
    Warning (15610): No output dependent on input pin "M[300]"
    Warning (15610): No output dependent on input pin "M[301]"
    Warning (15610): No output dependent on input pin "M[302]"
    Warning (15610): No output dependent on input pin "M[303]"
    Warning (15610): No output dependent on input pin "M[304]"
    Warning (15610): No output dependent on input pin "M[305]"
    Warning (15610): No output dependent on input pin "M[306]"
    Warning (15610): No output dependent on input pin "M[307]"
    Warning (15610): No output dependent on input pin "M[308]"
    Warning (15610): No output dependent on input pin "M[309]"
    Warning (15610): No output dependent on input pin "M[310]"
    Warning (15610): No output dependent on input pin "M[311]"
    Warning (15610): No output dependent on input pin "M[312]"
    Warning (15610): No output dependent on input pin "M[313]"
    Warning (15610): No output dependent on input pin "M[314]"
    Warning (15610): No output dependent on input pin "M[315]"
    Warning (15610): No output dependent on input pin "M[316]"
    Warning (15610): No output dependent on input pin "M[317]"
    Warning (15610): No output dependent on input pin "M[318]"
    Warning (15610): No output dependent on input pin "M[319]"
    Warning (15610): No output dependent on input pin "M[320]"
    Warning (15610): No output dependent on input pin "M[321]"
    Warning (15610): No output dependent on input pin "M[322]"
    Warning (15610): No output dependent on input pin "M[323]"
    Warning (15610): No output dependent on input pin "M[324]"
    Warning (15610): No output dependent on input pin "M[325]"
    Warning (15610): No output dependent on input pin "M[326]"
    Warning (15610): No output dependent on input pin "M[327]"
    Warning (15610): No output dependent on input pin "M[328]"
    Warning (15610): No output dependent on input pin "M[329]"
    Warning (15610): No output dependent on input pin "M[330]"
    Warning (15610): No output dependent on input pin "M[331]"
    Warning (15610): No output dependent on input pin "M[332]"
    Warning (15610): No output dependent on input pin "M[333]"
    Warning (15610): No output dependent on input pin "M[334]"
    Warning (15610): No output dependent on input pin "M[335]"
    Warning (15610): No output dependent on input pin "M[336]"
    Warning (15610): No output dependent on input pin "M[337]"
    Warning (15610): No output dependent on input pin "M[338]"
    Warning (15610): No output dependent on input pin "M[339]"
    Warning (15610): No output dependent on input pin "M[340]"
    Warning (15610): No output dependent on input pin "M[341]"
    Warning (15610): No output dependent on input pin "M[342]"
    Warning (15610): No output dependent on input pin "M[343]"
    Warning (15610): No output dependent on input pin "M[344]"
    Warning (15610): No output dependent on input pin "M[345]"
    Warning (15610): No output dependent on input pin "M[346]"
    Warning (15610): No output dependent on input pin "M[347]"
    Warning (15610): No output dependent on input pin "M[348]"
    Warning (15610): No output dependent on input pin "M[349]"
    Warning (15610): No output dependent on input pin "M[350]"
    Warning (15610): No output dependent on input pin "M[351]"
    Warning (15610): No output dependent on input pin "M[352]"
    Warning (15610): No output dependent on input pin "M[353]"
    Warning (15610): No output dependent on input pin "M[354]"
    Warning (15610): No output dependent on input pin "M[355]"
    Warning (15610): No output dependent on input pin "M[356]"
    Warning (15610): No output dependent on input pin "M[357]"
    Warning (15610): No output dependent on input pin "M[358]"
    Warning (15610): No output dependent on input pin "M[359]"
    Warning (15610): No output dependent on input pin "M[360]"
    Warning (15610): No output dependent on input pin "M[361]"
    Warning (15610): No output dependent on input pin "M[362]"
    Warning (15610): No output dependent on input pin "M[363]"
    Warning (15610): No output dependent on input pin "M[364]"
    Warning (15610): No output dependent on input pin "M[365]"
    Warning (15610): No output dependent on input pin "M[366]"
    Warning (15610): No output dependent on input pin "M[367]"
    Warning (15610): No output dependent on input pin "M[368]"
    Warning (15610): No output dependent on input pin "M[369]"
    Warning (15610): No output dependent on input pin "M[370]"
    Warning (15610): No output dependent on input pin "M[371]"
    Warning (15610): No output dependent on input pin "M[372]"
    Warning (15610): No output dependent on input pin "M[373]"
    Warning (15610): No output dependent on input pin "M[374]"
    Warning (15610): No output dependent on input pin "M[375]"
    Warning (15610): No output dependent on input pin "M[376]"
    Warning (15610): No output dependent on input pin "M[377]"
    Warning (15610): No output dependent on input pin "M[378]"
    Warning (15610): No output dependent on input pin "M[379]"
    Warning (15610): No output dependent on input pin "M[380]"
    Warning (15610): No output dependent on input pin "M[381]"
    Warning (15610): No output dependent on input pin "M[382]"
    Warning (15610): No output dependent on input pin "M[383]"
    Warning (15610): No output dependent on input pin "M[384]"
    Warning (15610): No output dependent on input pin "M[385]"
    Warning (15610): No output dependent on input pin "M[386]"
    Warning (15610): No output dependent on input pin "M[387]"
    Warning (15610): No output dependent on input pin "M[388]"
    Warning (15610): No output dependent on input pin "M[389]"
    Warning (15610): No output dependent on input pin "M[390]"
    Warning (15610): No output dependent on input pin "M[391]"
    Warning (15610): No output dependent on input pin "M[392]"
    Warning (15610): No output dependent on input pin "M[393]"
    Warning (15610): No output dependent on input pin "M[394]"
    Warning (15610): No output dependent on input pin "M[395]"
    Warning (15610): No output dependent on input pin "M[396]"
    Warning (15610): No output dependent on input pin "M[397]"
    Warning (15610): No output dependent on input pin "M[398]"
    Warning (15610): No output dependent on input pin "M[399]"
    Warning (15610): No output dependent on input pin "M[400]"
    Warning (15610): No output dependent on input pin "M[401]"
    Warning (15610): No output dependent on input pin "M[402]"
    Warning (15610): No output dependent on input pin "M[403]"
    Warning (15610): No output dependent on input pin "M[404]"
    Warning (15610): No output dependent on input pin "M[405]"
    Warning (15610): No output dependent on input pin "M[406]"
    Warning (15610): No output dependent on input pin "M[407]"
    Warning (15610): No output dependent on input pin "M[408]"
    Warning (15610): No output dependent on input pin "M[409]"
    Warning (15610): No output dependent on input pin "M[410]"
    Warning (15610): No output dependent on input pin "M[411]"
    Warning (15610): No output dependent on input pin "M[412]"
    Warning (15610): No output dependent on input pin "M[413]"
    Warning (15610): No output dependent on input pin "M[414]"
    Warning (15610): No output dependent on input pin "M[415]"
    Warning (15610): No output dependent on input pin "M[416]"
    Warning (15610): No output dependent on input pin "M[417]"
    Warning (15610): No output dependent on input pin "M[418]"
    Warning (15610): No output dependent on input pin "M[419]"
    Warning (15610): No output dependent on input pin "M[420]"
    Warning (15610): No output dependent on input pin "M[421]"
    Warning (15610): No output dependent on input pin "M[422]"
    Warning (15610): No output dependent on input pin "M[423]"
    Warning (15610): No output dependent on input pin "M[424]"
    Warning (15610): No output dependent on input pin "M[425]"
    Warning (15610): No output dependent on input pin "M[426]"
    Warning (15610): No output dependent on input pin "M[427]"
    Warning (15610): No output dependent on input pin "M[428]"
    Warning (15610): No output dependent on input pin "M[429]"
    Warning (15610): No output dependent on input pin "M[430]"
    Warning (15610): No output dependent on input pin "M[431]"
    Warning (15610): No output dependent on input pin "M[432]"
    Warning (15610): No output dependent on input pin "M[433]"
    Warning (15610): No output dependent on input pin "M[434]"
    Warning (15610): No output dependent on input pin "M[435]"
    Warning (15610): No output dependent on input pin "M[436]"
    Warning (15610): No output dependent on input pin "M[437]"
    Warning (15610): No output dependent on input pin "M[438]"
    Warning (15610): No output dependent on input pin "M[439]"
    Warning (15610): No output dependent on input pin "M[440]"
    Warning (15610): No output dependent on input pin "M[441]"
    Warning (15610): No output dependent on input pin "M[442]"
    Warning (15610): No output dependent on input pin "M[443]"
    Warning (15610): No output dependent on input pin "M[444]"
    Warning (15610): No output dependent on input pin "M[445]"
    Warning (15610): No output dependent on input pin "M[446]"
    Warning (15610): No output dependent on input pin "M[447]"
    Warning (15610): No output dependent on input pin "M[448]"
    Warning (15610): No output dependent on input pin "M[449]"
    Warning (15610): No output dependent on input pin "M[450]"
    Warning (15610): No output dependent on input pin "M[451]"
    Warning (15610): No output dependent on input pin "M[452]"
    Warning (15610): No output dependent on input pin "M[453]"
    Warning (15610): No output dependent on input pin "M[454]"
    Warning (15610): No output dependent on input pin "M[455]"
    Warning (15610): No output dependent on input pin "M[456]"
    Warning (15610): No output dependent on input pin "M[457]"
    Warning (15610): No output dependent on input pin "M[458]"
    Warning (15610): No output dependent on input pin "M[459]"
    Warning (15610): No output dependent on input pin "M[460]"
    Warning (15610): No output dependent on input pin "M[461]"
    Warning (15610): No output dependent on input pin "M[462]"
    Warning (15610): No output dependent on input pin "M[463]"
    Warning (15610): No output dependent on input pin "M[464]"
    Warning (15610): No output dependent on input pin "M[465]"
    Warning (15610): No output dependent on input pin "M[466]"
    Warning (15610): No output dependent on input pin "M[467]"
    Warning (15610): No output dependent on input pin "M[468]"
    Warning (15610): No output dependent on input pin "M[469]"
    Warning (15610): No output dependent on input pin "M[470]"
    Warning (15610): No output dependent on input pin "M[471]"
    Warning (15610): No output dependent on input pin "M[472]"
    Warning (15610): No output dependent on input pin "M[473]"
    Warning (15610): No output dependent on input pin "M[474]"
    Warning (15610): No output dependent on input pin "M[475]"
    Warning (15610): No output dependent on input pin "M[476]"
    Warning (15610): No output dependent on input pin "M[477]"
    Warning (15610): No output dependent on input pin "M[478]"
    Warning (15610): No output dependent on input pin "M[479]"
    Warning (15610): No output dependent on input pin "M[480]"
    Warning (15610): No output dependent on input pin "M[481]"
    Warning (15610): No output dependent on input pin "M[482]"
    Warning (15610): No output dependent on input pin "M[483]"
    Warning (15610): No output dependent on input pin "M[484]"
    Warning (15610): No output dependent on input pin "M[485]"
    Warning (15610): No output dependent on input pin "M[486]"
    Warning (15610): No output dependent on input pin "M[487]"
    Warning (15610): No output dependent on input pin "M[488]"
    Warning (15610): No output dependent on input pin "M[489]"
    Warning (15610): No output dependent on input pin "M[490]"
    Warning (15610): No output dependent on input pin "M[491]"
    Warning (15610): No output dependent on input pin "M[492]"
    Warning (15610): No output dependent on input pin "M[493]"
    Warning (15610): No output dependent on input pin "M[494]"
    Warning (15610): No output dependent on input pin "M[495]"
    Warning (15610): No output dependent on input pin "M[496]"
    Warning (15610): No output dependent on input pin "M[497]"
    Warning (15610): No output dependent on input pin "M[498]"
    Warning (15610): No output dependent on input pin "M[499]"
    Warning (15610): No output dependent on input pin "M[500]"
    Warning (15610): No output dependent on input pin "M[501]"
    Warning (15610): No output dependent on input pin "M[502]"
    Warning (15610): No output dependent on input pin "M[503]"
    Warning (15610): No output dependent on input pin "M[504]"
    Warning (15610): No output dependent on input pin "M[505]"
    Warning (15610): No output dependent on input pin "M[506]"
    Warning (15610): No output dependent on input pin "M[507]"
    Warning (15610): No output dependent on input pin "M[508]"
    Warning (15610): No output dependent on input pin "M[509]"
    Warning (15610): No output dependent on input pin "M[510]"
    Warning (15610): No output dependent on input pin "M[511]"
Info (21057): Implemented 8360 device resources after synthesis - the final resource count might be different
    Info (21058): Implemented 513 input pins
    Info (21059): Implemented 2048 output pins
    Info (21061): Implemented 5799 logic cells
Info: Quartus II 64-Bit Analysis & Synthesis was successful. 0 errors, 513 warnings
    Info: Peak virtual memory: 517 megabytes
    Info: Processing ended: Thu Jan 31 13:40:45 2019
    Info: Elapsed time: 00:00:23
    Info: Total CPU time (on all processors): 00:00:22


